<?xml version="1.0"?>
<link_info>
   <banner>TI ARM Linker PC v15.12.3.LTS</banner>
   <copyright>Copyright (c) 1996-2015 Texas Instruments Incorporated</copyright>
   <link_time>0x58558472</link_time>
   <link_errors>0x0</link_errors>
   <output_file>FIRMWARE.out</output_file>
   <entry_point>
      <name>_c_int00</name>
      <address>0x200084ed</address>
   </entry_point>
   <input_file_list>
      <input_file id="fl-2">
         <path>.\</path>
         <kind>object</kind>
         <file>DELAY.obj</file>
         <name>DELAY.obj</name>
      </input_file>
      <input_file id="fl-3">
         <path>.\</path>
         <kind>object</kind>
         <file>HDC1080.obj</file>
         <name>HDC1080.obj</name>
      </input_file>
      <input_file id="fl-4">
         <path>.\</path>
         <kind>object</kind>
         <file>PPD42NJ.obj</file>
         <name>PPD42NJ.obj</name>
      </input_file>
      <input_file id="fl-5">
         <path>.\</path>
         <kind>object</kind>
         <file>TLC59116.obj</file>
         <name>TLC59116.obj</name>
      </input_file>
      <input_file id="fl-6">
         <path>.\</path>
         <kind>object</kind>
         <file>gpio_if.obj</file>
         <name>gpio_if.obj</name>
      </input_file>
      <input_file id="fl-7">
         <path>.\</path>
         <kind>object</kind>
         <file>i2c_if.obj</file>
         <name>i2c_if.obj</name>
      </input_file>
      <input_file id="fl-8">
         <path>.\</path>
         <kind>object</kind>
         <file>main.obj</file>
         <name>main.obj</name>
      </input_file>
      <input_file id="fl-9">
         <path>.\</path>
         <kind>object</kind>
         <file>pinmux.obj</file>
         <name>pinmux.obj</name>
      </input_file>
      <input_file id="fl-a">
         <path>.\</path>
         <kind>object</kind>
         <file>startup_ccs.obj</file>
         <name>startup_ccs.obj</name>
      </input_file>
      <input_file id="fl-b">
         <path>.\</path>
         <kind>object</kind>
         <file>timer_if.obj</file>
         <name>timer_if.obj</name>
      </input_file>
      <input_file id="fl-c6">
         <path>C:\ti\ccsv6\tools\compiler\arm_15.12.3.LTS\lib\</path>
         <kind>archive</kind>
         <file>rtsv7M4_T_le_eabi.lib</file>
         <name>boot.obj</name>
      </input_file>
      <input_file id="fl-c7">
         <path>C:\ti\ccsv6\tools\compiler\arm_15.12.3.LTS\lib\</path>
         <kind>archive</kind>
         <file>rtsv7M4_T_le_eabi.lib</file>
         <name>copy_decompress_none.obj</name>
      </input_file>
      <input_file id="fl-c8">
         <path>C:\ti\ccsv6\tools\compiler\arm_15.12.3.LTS\lib\</path>
         <kind>archive</kind>
         <file>rtsv7M4_T_le_eabi.lib</file>
         <name>copy_decompress_rle.obj</name>
      </input_file>
      <input_file id="fl-c9">
         <path>C:\ti\ccsv6\tools\compiler\arm_15.12.3.LTS\lib\</path>
         <kind>archive</kind>
         <file>rtsv7M4_T_le_eabi.lib</file>
         <name>copy_zero_init.obj</name>
      </input_file>
      <input_file id="fl-ca">
         <path>C:\ti\ccsv6\tools\compiler\arm_15.12.3.LTS\lib\</path>
         <kind>archive</kind>
         <file>rtsv7M4_T_le_eabi.lib</file>
         <name>exit.obj</name>
      </input_file>
      <input_file id="fl-cb">
         <path>C:\ti\ccsv6\tools\compiler\arm_15.12.3.LTS\lib\</path>
         <kind>archive</kind>
         <file>rtsv7M4_T_le_eabi.lib</file>
         <name>fd_add_t2.obj</name>
      </input_file>
      <input_file id="fl-cc">
         <path>C:\ti\ccsv6\tools\compiler\arm_15.12.3.LTS\lib\</path>
         <kind>archive</kind>
         <file>rtsv7M4_T_le_eabi.lib</file>
         <name>fd_div_t2.obj</name>
      </input_file>
      <input_file id="fl-cd">
         <path>C:\ti\ccsv6\tools\compiler\arm_15.12.3.LTS\lib\</path>
         <kind>archive</kind>
         <file>rtsv7M4_T_le_eabi.lib</file>
         <name>fd_mul_t2.obj</name>
      </input_file>
      <input_file id="fl-ce">
         <path>C:\ti\ccsv6\tools\compiler\arm_15.12.3.LTS\lib\</path>
         <kind>archive</kind>
         <file>rtsv7M4_T_le_eabi.lib</file>
         <name>fd_tou_t2.obj</name>
      </input_file>
      <input_file id="fl-cf">
         <path>C:\ti\ccsv6\tools\compiler\arm_15.12.3.LTS\lib\</path>
         <kind>archive</kind>
         <file>rtsv7M4_T_le_eabi.lib</file>
         <name>memcpy_t2.obj</name>
      </input_file>
      <input_file id="fl-d0">
         <path>C:\ti\ccsv6\tools\compiler\arm_15.12.3.LTS\lib\</path>
         <kind>archive</kind>
         <file>rtsv7M4_T_le_eabi.lib</file>
         <name>memset_t2.obj</name>
      </input_file>
      <input_file id="fl-d1">
         <path>C:\ti\ccsv6\tools\compiler\arm_15.12.3.LTS\lib\</path>
         <kind>archive</kind>
         <file>rtsv7M4_T_le_eabi.lib</file>
         <name>mpu_init.obj</name>
      </input_file>
      <input_file id="fl-d2">
         <path>C:\ti\ccsv6\tools\compiler\arm_15.12.3.LTS\lib\</path>
         <kind>archive</kind>
         <file>rtsv7M4_T_le_eabi.lib</file>
         <name>pre_init.obj</name>
      </input_file>
      <input_file id="fl-d3">
         <path>C:\ti\ccsv6\tools\compiler\arm_15.12.3.LTS\lib\</path>
         <kind>archive</kind>
         <file>rtsv7M4_T_le_eabi.lib</file>
         <name>stkdepth_vars.obj</name>
      </input_file>
      <input_file id="fl-d4">
         <path>C:\ti\ccsv6\tools\compiler\arm_15.12.3.LTS\lib\</path>
         <kind>archive</kind>
         <file>rtsv7M4_T_le_eabi.lib</file>
         <name>u_tofd_t2.obj</name>
      </input_file>
      <input_file id="fl-d5">
         <path>C:\ti\ccsv6\tools\compiler\arm_15.12.3.LTS\lib\</path>
         <kind>archive</kind>
         <file>rtsv7M4_T_le_eabi.lib</file>
         <name>_lock.obj</name>
      </input_file>
      <input_file id="fl-d6">
         <path>C:\ti\ccsv6\tools\compiler\arm_15.12.3.LTS\lib\</path>
         <kind>archive</kind>
         <file>rtsv7M4_T_le_eabi.lib</file>
         <name>args_main.obj</name>
      </input_file>
      <input_file id="fl-d7">
         <path>C:\ti\ccsv6\tools\compiler\arm_15.12.3.LTS\lib\</path>
         <kind>archive</kind>
         <file>rtsv7M4_T_le_eabi.lib</file>
         <name>autoinit.obj</name>
      </input_file>
      <input_file id="fl-d8">
         <path>C:\ti\ccsv6\tools\compiler\arm_15.12.3.LTS\lib\</path>
         <kind>archive</kind>
         <file>rtsv7M4_T_le_eabi.lib</file>
         <name>cpy_tbl.obj</name>
      </input_file>
      <input_file id="fl-d9">
         <path>C:\ti\ccsv6\tools\compiler\arm_15.12.3.LTS\lib\</path>
         <kind>archive</kind>
         <file>rtsv7M4_T_le_eabi.lib</file>
         <name>startup.obj</name>
      </input_file>
      <input_file id="fl-da">
         <path>C:\ti\CC3200SDK_1.2.0\cc3200-sdk\driverlib\ccs\Release\</path>
         <kind>archive</kind>
         <file>driverlib.a</file>
         <name>gpio.obj</name>
      </input_file>
      <input_file id="fl-db">
         <path>C:\ti\CC3200SDK_1.2.0\cc3200-sdk\driverlib\ccs\Release\</path>
         <kind>archive</kind>
         <file>driverlib.a</file>
         <name>i2c.obj</name>
      </input_file>
      <input_file id="fl-dc">
         <path>C:\ti\CC3200SDK_1.2.0\cc3200-sdk\driverlib\ccs\Release\</path>
         <kind>archive</kind>
         <file>driverlib.a</file>
         <name>interrupt.obj</name>
      </input_file>
      <input_file id="fl-dd">
         <path>C:\ti\CC3200SDK_1.2.0\cc3200-sdk\driverlib\ccs\Release\</path>
         <kind>archive</kind>
         <file>driverlib.a</file>
         <name>pin.obj</name>
      </input_file>
      <input_file id="fl-de">
         <path>C:\ti\CC3200SDK_1.2.0\cc3200-sdk\driverlib\ccs\Release\</path>
         <kind>archive</kind>
         <file>driverlib.a</file>
         <name>prcm.obj</name>
      </input_file>
      <input_file id="fl-df">
         <path>C:\ti\CC3200SDK_1.2.0\cc3200-sdk\driverlib\ccs\Release\</path>
         <kind>archive</kind>
         <file>driverlib.a</file>
         <name>timer.obj</name>
      </input_file>
      <input_file id="fl-e0">
         <path>C:\ti\CC3200SDK_1.2.0\cc3200-sdk\driverlib\ccs\Release\</path>
         <kind>archive</kind>
         <file>driverlib.a</file>
         <name>uart_if.obj</name>
      </input_file>
      <input_file id="fl-e1">
         <path>C:\ti\CC3200SDK_1.2.0\cc3200-sdk\driverlib\ccs\Release\</path>
         <kind>archive</kind>
         <file>driverlib.a</file>
         <name>utils.obj</name>
      </input_file>
      <input_file id="fl-e2">
         <path>C:\ti\CC3200SDK_1.2.0\cc3200-sdk\driverlib\ccs\Release\</path>
         <kind>archive</kind>
         <file>driverlib.a</file>
         <name>cpu.obj</name>
      </input_file>
      <input_file id="fl-e3">
         <path>C:\ti\CC3200SDK_1.2.0\cc3200-sdk\driverlib\ccs\Release\</path>
         <kind>archive</kind>
         <file>driverlib.a</file>
         <name>flash.obj</name>
      </input_file>
      <input_file id="fl-e4">
         <path>C:\ti\CC3200SDK_1.2.0\cc3200-sdk\driverlib\ccs\Release\</path>
         <kind>archive</kind>
         <file>driverlib.a</file>
         <name>uart.obj</name>
      </input_file>
      <input_file id="fl-e5">
         <path>C:\ti\ccsv6\tools\compiler\arm_15.12.3.LTS\lib\</path>
         <kind>archive</kind>
         <file>rtsv7M4_T_le_eabi.lib</file>
         <name>memmov.obj</name>
      </input_file>
      <input_file id="fl-e6">
         <path>C:\ti\ccsv6\tools\compiler\arm_15.12.3.LTS\lib\</path>
         <kind>archive</kind>
         <file>rtsv7M4_T_le_eabi.lib</file>
         <name>memory.obj</name>
      </input_file>
      <input_file id="fl-e7">
         <path>C:\ti\ccsv6\tools\compiler\arm_15.12.3.LTS\lib\</path>
         <kind>archive</kind>
         <file>rtsv7M4_T_le_eabi.lib</file>
         <name>strlen.obj</name>
      </input_file>
      <input_file id="fl-e8">
         <path>C:\ti\ccsv6\tools\compiler\arm_15.12.3.LTS\lib\</path>
         <kind>archive</kind>
         <file>rtsv7M4_T_le_eabi.lib</file>
         <name>ull_div_t2.obj</name>
      </input_file>
      <input_file id="fl-e9">
         <path>C:\ti\ccsv6\tools\compiler\arm_15.12.3.LTS\lib\</path>
         <kind>archive</kind>
         <file>rtsv7M4_T_le_eabi.lib</file>
         <name>vsnprintf.obj</name>
      </input_file>
      <input_file id="fl-ea">
         <path>C:\ti\ccsv6\tools\compiler\arm_15.12.3.LTS\lib\</path>
         <kind>archive</kind>
         <file>rtsv7M4_T_le_eabi.lib</file>
         <name>_printfi.obj</name>
      </input_file>
      <input_file id="fl-eb">
         <path>C:\ti\ccsv6\tools\compiler\arm_15.12.3.LTS\lib\</path>
         <kind>archive</kind>
         <file>rtsv7M4_T_le_eabi.lib</file>
         <name>atoi.obj</name>
      </input_file>
      <input_file id="fl-ec">
         <path>C:\ti\ccsv6\tools\compiler\arm_15.12.3.LTS\lib\</path>
         <kind>archive</kind>
         <file>rtsv7M4_T_le_eabi.lib</file>
         <name>ctype.obj</name>
      </input_file>
      <input_file id="fl-ed">
         <path>C:\ti\ccsv6\tools\compiler\arm_15.12.3.LTS\lib\</path>
         <kind>archive</kind>
         <file>rtsv7M4_T_le_eabi.lib</file>
         <name>fd_cmp_t2.obj</name>
      </input_file>
      <input_file id="fl-ee">
         <path>C:\ti\ccsv6\tools\compiler\arm_15.12.3.LTS\lib\</path>
         <kind>archive</kind>
         <file>rtsv7M4_T_le_eabi.lib</file>
         <name>fd_toi_t2.obj</name>
      </input_file>
      <input_file id="fl-ef">
         <path>C:\ti\ccsv6\tools\compiler\arm_15.12.3.LTS\lib\</path>
         <kind>archive</kind>
         <file>rtsv7M4_T_le_eabi.lib</file>
         <name>i_tofd_t2.obj</name>
      </input_file>
      <input_file id="fl-f0">
         <path>C:\ti\ccsv6\tools\compiler\arm_15.12.3.LTS\lib\</path>
         <kind>archive</kind>
         <file>rtsv7M4_T_le_eabi.lib</file>
         <name>ltoa.obj</name>
      </input_file>
      <input_file id="fl-f1">
         <path>C:\ti\ccsv6\tools\compiler\arm_15.12.3.LTS\lib\</path>
         <kind>archive</kind>
         <file>rtsv7M4_T_le_eabi.lib</file>
         <name>memccpy.obj</name>
      </input_file>
      <input_file id="fl-f2">
         <path>C:\ti\ccsv6\tools\compiler\arm_15.12.3.LTS\lib\</path>
         <kind>archive</kind>
         <file>rtsv7M4_T_le_eabi.lib</file>
         <name>s_frexp.obj</name>
      </input_file>
      <input_file id="fl-f3">
         <path>C:\ti\ccsv6\tools\compiler\arm_15.12.3.LTS\lib\</path>
         <kind>archive</kind>
         <file>rtsv7M4_T_le_eabi.lib</file>
         <name>s_scalbn.obj</name>
      </input_file>
      <input_file id="fl-f4">
         <path>C:\ti\ccsv6\tools\compiler\arm_15.12.3.LTS\lib\</path>
         <kind>archive</kind>
         <file>rtsv7M4_T_le_eabi.lib</file>
         <name>strchr.obj</name>
      </input_file>
      <input_file id="fl-f5">
         <path>C:\ti\ccsv6\tools\compiler\arm_15.12.3.LTS\lib\</path>
         <kind>archive</kind>
         <file>rtsv7M4_T_le_eabi.lib</file>
         <name>errno.obj</name>
      </input_file>
      <input_file id="fl-f6">
         <path>C:\ti\ccsv6\tools\compiler\arm_15.12.3.LTS\lib\</path>
         <kind>archive</kind>
         <file>rtsv7M4_T_le_eabi.lib</file>
         <name>s_copysign.obj</name>
      </input_file>
   </input_file_list>
   <object_component_list>
      <object_component id="oc-f">
         <name>.intvecs</name>
         <load_address>0x20004000</load_address>
         <run_address>0x20004000</run_address>
         <size>0x400</size>
         <input_file_ref idref="fl-a"/>
      </object_component>
      <object_component id="oc-308">
         <name>.text</name>
         <load_address>0x20004400</load_address>
         <run_address>0x20004400</run_address>
         <size>0x10fc</size>
         <input_file_ref idref="fl-ea"/>
      </object_component>
      <object_component id="oc-ac">
         <name>.text</name>
         <load_address>0x200054fc</load_address>
         <run_address>0x200054fc</run_address>
         <size>0x634</size>
         <input_file_ref idref="fl-8"/>
      </object_component>
      <object_component id="oc-1f5">
         <name>.text</name>
         <load_address>0x20005b30</load_address>
         <run_address>0x20005b30</run_address>
         <size>0x3dc</size>
         <input_file_ref idref="fl-e6"/>
      </object_component>
      <object_component id="oc-f2">
         <name>.text</name>
         <load_address>0x20005f0c</load_address>
         <run_address>0x20005f0c</run_address>
         <size>0x3a8</size>
         <input_file_ref idref="fl-4"/>
      </object_component>
      <object_component id="oc-1af">
         <name>.text</name>
         <load_address>0x200062b4</load_address>
         <run_address>0x200062b4</run_address>
         <size>0x39c</size>
         <input_file_ref idref="fl-6"/>
      </object_component>
      <object_component id="oc-119">
         <name>.text</name>
         <load_address>0x20006650</load_address>
         <run_address>0x20006650</run_address>
         <size>0x294</size>
         <input_file_ref idref="fl-7"/>
      </object_component>
      <object_component id="oc-38e">
         <name>.text</name>
         <load_address>0x200068e4</load_address>
         <run_address>0x200068e4</run_address>
         <size>0x1f4</size>
         <input_file_ref idref="fl-e8"/>
      </object_component>
      <object_component id="oc-125">
         <name>.text</name>
         <load_address>0x20006ad8</load_address>
         <run_address>0x20006ad8</run_address>
         <size>0x1f2</size>
         <input_file_ref idref="fl-5"/>
      </object_component>
      <object_component id="oc-3ea">
         <name>.text:IntDefaultHandler</name>
         <load_address>0x20006cca</load_address>
         <run_address>0x20006cca</run_address>
         <size>0x2</size>
         <input_file_ref idref="fl-dc"/>
      </object_component>
      <object_component id="oc-11f">
         <name>.text</name>
         <load_address>0x20006ccc</load_address>
         <run_address>0x20006ccc</run_address>
         <size>0x1d4</size>
         <input_file_ref idref="fl-3"/>
      </object_component>
      <object_component id="oc-fd">
         <name>.text</name>
         <load_address>0x20006ea0</load_address>
         <run_address>0x20006ea0</run_address>
         <size>0x1b6</size>
         <input_file_ref idref="fl-cb"/>
      </object_component>
      <object_component id="oc-5b">
         <name>.text</name>
         <load_address>0x20007056</load_address>
         <run_address>0x20007056</run_address>
         <size>0x2</size>
         <input_file_ref idref="fl-d1"/>
      </object_component>
      <object_component id="oc-18c">
         <name>.text</name>
         <load_address>0x20007058</load_address>
         <run_address>0x20007058</run_address>
         <size>0x198</size>
         <input_file_ref idref="fl-b"/>
      </object_component>
      <object_component id="oc-ec">
         <name>.text:PRCMCC3200MCUInit</name>
         <load_address>0x200071f0</load_address>
         <run_address>0x200071f0</run_address>
         <size>0x178</size>
         <input_file_ref idref="fl-de"/>
      </object_component>
      <object_component id="oc-107">
         <name>.text</name>
         <load_address>0x20007368</load_address>
         <run_address>0x20007368</run_address>
         <size>0x16c</size>
         <input_file_ref idref="fl-9"/>
      </object_component>
      <object_component id="oc-102">
         <name>.text</name>
         <load_address>0x200074d4</load_address>
         <run_address>0x200074d4</run_address>
         <size>0x136</size>
         <input_file_ref idref="fl-cc"/>
      </object_component>
      <object_component id="oc-24b">
         <name>.text</name>
         <load_address>0x2000760a</load_address>
         <run_address>0x2000760a</run_address>
         <size>0xfc</size>
         <input_file_ref idref="fl-cd"/>
      </object_component>
      <object_component id="oc-a4">
         <name>.text</name>
         <load_address>0x20007706</load_address>
         <run_address>0x20007706</run_address>
         <size>0x2</size>
         <input_file_ref idref="fl-d9"/>
      </object_component>
      <object_component id="oc-3b9">
         <name>.text</name>
         <load_address>0x20007708</load_address>
         <run_address>0x20007708</run_address>
         <size>0xd0</size>
         <input_file_ref idref="fl-f3"/>
      </object_component>
      <object_component id="oc-113">
         <name>.text:Report</name>
         <load_address>0x200077d8</load_address>
         <run_address>0x200077d8</run_address>
         <size>0xaa</size>
         <input_file_ref idref="fl-e0"/>
      </object_component>
      <object_component id="oc-367">
         <name>.text:IntDisable</name>
         <load_address>0x20007884</load_address>
         <run_address>0x20007884</run_address>
         <size>0xa8</size>
         <input_file_ref idref="fl-dc"/>
      </object_component>
      <object_component id="oc-e6">
         <name>.text:IntEnable</name>
         <load_address>0x2000792c</load_address>
         <run_address>0x2000792c</run_address>
         <size>0xa8</size>
         <input_file_ref idref="fl-dc"/>
      </object_component>
      <object_component id="oc-36">
         <name>.text</name>
         <load_address>0x200079d4</load_address>
         <run_address>0x200079d4</run_address>
         <size>0x9c</size>
         <input_file_ref idref="fl-cf"/>
      </object_component>
      <object_component id="oc-1e5">
         <name>.text:PRCMPeripheralClockGet</name>
         <load_address>0x20007a70</load_address>
         <run_address>0x20007a70</run_address>
         <size>0x94</size>
         <input_file_ref idref="fl-de"/>
      </object_component>
      <object_component id="oc-2e9">
         <name>.text:PinConfigSet</name>
         <load_address>0x20007b04</load_address>
         <run_address>0x20007b04</run_address>
         <size>0x88</size>
         <input_file_ref idref="fl-dd"/>
      </object_component>
      <object_component id="oc-1fb">
         <name>.text</name>
         <load_address>0x20007b8c</load_address>
         <run_address>0x20007b8c</run_address>
         <size>0x88</size>
         <input_file_ref idref="fl-e9"/>
      </object_component>
      <object_component id="oc-399">
         <name>.text:__aeabi_cdcmple</name>
         <load_address>0x20007c14</load_address>
         <run_address>0x20007c14</run_address>
         <size>0x86</size>
         <input_file_ref idref="fl-ed"/>
      </object_component>
      <object_component id="oc-39e">
         <name>.text:__aeabi_cdrcmple</name>
         <load_address>0x20007c9a</load_address>
         <run_address>0x20007c9a</run_address>
         <size>0x86</size>
         <input_file_ref idref="fl-ed"/>
      </object_component>
      <object_component id="oc-23e">
         <name>.text:I2CMasterInitExpClk</name>
         <load_address>0x20007d20</load_address>
         <run_address>0x20007d20</run_address>
         <size>0x84</size>
         <input_file_ref idref="fl-db"/>
      </object_component>
      <object_component id="oc-2c1">
         <name>.text:GPIOIntTypeSet</name>
         <load_address>0x20007da4</load_address>
         <run_address>0x20007da4</run_address>
         <size>0x82</size>
         <input_file_ref idref="fl-da"/>
      </object_component>
      <object_component id="oc-12b">
         <name>.text</name>
         <load_address>0x20007e28</load_address>
         <run_address>0x20007e28</run_address>
         <size>0x7c</size>
         <input_file_ref idref="fl-2"/>
      </object_component>
      <object_component id="oc-4f">
         <name>.text</name>
         <load_address>0x20007ea4</load_address>
         <run_address>0x20007ea4</run_address>
         <size>0x7a</size>
         <input_file_ref idref="fl-d0"/>
      </object_component>
      <object_component id="oc-1eb">
         <name>.text:UARTConfigSetExpClk</name>
         <load_address>0x20007f1e</load_address>
         <run_address>0x20007f1e</run_address>
         <size>0x76</size>
         <input_file_ref idref="fl-e4"/>
      </object_component>
      <object_component id="oc-290">
         <name>.text:TimerIntRegister</name>
         <load_address>0x20007f94</load_address>
         <run_address>0x20007f94</run_address>
         <size>0x70</size>
         <input_file_ref idref="fl-df"/>
      </object_component>
      <object_component id="oc-67">
         <name>.text</name>
         <load_address>0x20008004</load_address>
         <run_address>0x20008004</run_address>
         <size>0x70</size>
         <input_file_ref idref="fl-d7"/>
      </object_component>
      <object_component id="oc-42">
         <name>.text</name>
         <load_address>0x20008074</load_address>
         <run_address>0x20008074</run_address>
         <size>0x6a</size>
         <input_file_ref idref="fl-c8"/>
      </object_component>
      <object_component id="oc-2b4">
         <name>.text:TimerIntUnregister</name>
         <load_address>0x200080e0</load_address>
         <run_address>0x200080e0</run_address>
         <size>0x68</size>
         <input_file_ref idref="fl-df"/>
      </object_component>
      <object_component id="oc-3b3">
         <name>.text</name>
         <load_address>0x20008148</load_address>
         <run_address>0x20008148</run_address>
         <size>0x5c</size>
         <input_file_ref idref="fl-f2"/>
      </object_component>
      <object_component id="oc-17f">
         <name>.text:PRCMPeripheralReset</name>
         <load_address>0x200081a4</load_address>
         <run_address>0x200081a4</run_address>
         <size>0x58</size>
         <input_file_ref idref="fl-de"/>
      </object_component>
      <object_component id="oc-3a8">
         <name>.text</name>
         <load_address>0x200081fc</load_address>
         <run_address>0x200081fc</run_address>
         <size>0x56</size>
         <input_file_ref idref="fl-f0"/>
      </object_component>
      <object_component id="oc-28a">
         <name>.text:IntPrioritySet</name>
         <load_address>0x20008254</load_address>
         <run_address>0x20008254</run_address>
         <size>0x54</size>
         <input_file_ref idref="fl-dc"/>
      </object_component>
      <object_component id="oc-73">
         <name>.text</name>
         <load_address>0x200082a8</load_address>
         <run_address>0x200082a8</run_address>
         <size>0x54</size>
         <input_file_ref idref="fl-ca"/>
      </object_component>
      <object_component id="oc-3cb">
         <name>.text</name>
         <load_address>0x200082fc</load_address>
         <run_address>0x200082fc</run_address>
         <size>0x4c</size>
         <input_file_ref idref="fl-eb"/>
      </object_component>
      <object_component id="oc-9e">
         <name>.text</name>
         <load_address>0x20008348</load_address>
         <run_address>0x20008348</run_address>
         <size>0x4c</size>
         <input_file_ref idref="fl-d8"/>
      </object_component>
      <object_component id="oc-377">
         <name>.text:GPIOGetIntNumber</name>
         <load_address>0x20008394</load_address>
         <run_address>0x20008394</run_address>
         <size>0x48</size>
         <input_file_ref idref="fl-da"/>
      </object_component>
      <object_component id="oc-3a3">
         <name>.text</name>
         <load_address>0x200083dc</load_address>
         <run_address>0x200083dc</run_address>
         <size>0x48</size>
         <input_file_ref idref="fl-ee"/>
      </object_component>
      <object_component id="oc-27e">
         <name>.text:TimerConfigure</name>
         <load_address>0x20008424</load_address>
         <run_address>0x20008424</run_address>
         <size>0x44</size>
         <input_file_ref idref="fl-df"/>
      </object_component>
      <object_component id="oc-1aa">
         <name>.text</name>
         <load_address>0x20008468</load_address>
         <run_address>0x20008468</run_address>
         <size>0x44</size>
         <input_file_ref idref="fl-ce"/>
      </object_component>
      <object_component id="oc-1c0">
         <name>.text:PinModeSet</name>
         <load_address>0x200084ac</load_address>
         <run_address>0x200084ac</run_address>
         <size>0x40</size>
         <input_file_ref idref="fl-dd"/>
      </object_component>
      <object_component id="oc-24">
         <name>.text</name>
         <load_address>0x200084ec</load_address>
         <run_address>0x200084ec</run_address>
         <size>0x40</size>
         <input_file_ref idref="fl-c6"/>
      </object_component>
      <object_component id="oc-179">
         <name>.text:PRCMPeripheralClkEnable</name>
         <load_address>0x2000852c</load_address>
         <run_address>0x2000852c</run_address>
         <size>0x3c</size>
         <input_file_ref idref="fl-de"/>
      </object_component>
      <object_component id="oc-1cc">
         <name>.text:GPIODirModeSet</name>
         <load_address>0x20008568</load_address>
         <run_address>0x20008568</run_address>
         <size>0x36</size>
         <input_file_ref idref="fl-da"/>
      </object_component>
      <object_component id="oc-1c6">
         <name>.text:PinTypeGPIO</name>
         <load_address>0x2000859e</load_address>
         <run_address>0x2000859e</run_address>
         <size>0x30</size>
         <input_file_ref idref="fl-dd"/>
      </object_component>
      <object_component id="oc-2f5">
         <name>.text:UARTDisable</name>
         <load_address>0x200085d0</load_address>
         <run_address>0x200085d0</run_address>
         <size>0x30</size>
         <input_file_ref idref="fl-e4"/>
      </object_component>
      <object_component id="oc-3ae">
         <name>.text</name>
         <load_address>0x20008600</load_address>
         <run_address>0x20008600</run_address>
         <size>0x2e</size>
         <input_file_ref idref="fl-ef"/>
      </object_component>
      <object_component id="oc-226">
         <name>.text:I2CMasterErr</name>
         <load_address>0x2000862e</load_address>
         <run_address>0x2000862e</run_address>
         <size>0x2c</size>
         <input_file_ref idref="fl-db"/>
      </object_component>
      <object_component id="oc-167">
         <name>.text:PRCMSysResetCauseGet</name>
         <load_address>0x2000865c</load_address>
         <run_address>0x2000865c</run_address>
         <size>0x2c</size>
         <input_file_ref idref="fl-de"/>
      </object_component>
      <object_component id="oc-259">
         <name>.text:TimerLoadSet</name>
         <load_address>0x20008688</load_address>
         <run_address>0x20008688</run_address>
         <size>0x2a</size>
         <input_file_ref idref="fl-df"/>
      </object_component>
      <object_component id="oc-284">
         <name>.text:TimerPrescaleSet</name>
         <load_address>0x200086b2</load_address>
         <run_address>0x200086b2</run_address>
         <size>0x2a</size>
         <input_file_ref idref="fl-df"/>
      </object_component>
      <object_component id="oc-10d">
         <name>.text:InitTerm</name>
         <load_address>0x200086dc</load_address>
         <run_address>0x200086dc</run_address>
         <size>0x28</size>
         <input_file_ref idref="fl-e0"/>
      </object_component>
      <object_component id="oc-201">
         <name>.text:Message</name>
         <load_address>0x20008704</load_address>
         <run_address>0x20008704</run_address>
         <size>0x28</size>
         <input_file_ref idref="fl-e0"/>
      </object_component>
      <object_component id="oc-185">
         <name>.text:PRCMPeripheralClkDisable</name>
         <load_address>0x2000872c</load_address>
         <run_address>0x2000872c</run_address>
         <size>0x28</size>
         <input_file_ref idref="fl-de"/>
      </object_component>
      <object_component id="oc-36d">
         <name>.text:IntUnregister</name>
         <load_address>0x20008754</load_address>
         <run_address>0x20008754</run_address>
         <size>0x24</size>
         <input_file_ref idref="fl-dc"/>
      </object_component>
      <object_component id="oc-2fb">
         <name>.text:UARTEnable</name>
         <load_address>0x20008778</load_address>
         <run_address>0x20008778</run_address>
         <size>0x24</size>
         <input_file_ref idref="fl-e4"/>
      </object_component>
      <object_component id="oc-192">
         <name>.text:GPIOIntStatus</name>
         <load_address>0x2000879c</load_address>
         <run_address>0x2000879c</run_address>
         <size>0x22</size>
         <input_file_ref idref="fl-da"/>
      </object_component>
      <object_component id="oc-22c">
         <name>.text:I2CMasterSlaveAddrSet</name>
         <load_address>0x200087be</load_address>
         <run_address>0x200087be</run_address>
         <size>0x22</size>
         <input_file_ref idref="fl-db"/>
      </object_component>
      <object_component id="oc-1d2">
         <name>.text:GPIOPinWrite</name>
         <load_address>0x200087e0</load_address>
         <run_address>0x200087e0</run_address>
         <size>0x20</size>
         <input_file_ref idref="fl-da"/>
      </object_component>
      <object_component id="oc-35a">
         <name>.text:IntRegister</name>
         <load_address>0x20008800</load_address>
         <run_address>0x20008800</run_address>
         <size>0x20</size>
         <input_file_ref idref="fl-dc"/>
      </object_component>
      <object_component id="oc-f8">
         <name>.text</name>
         <load_address>0x20008820</load_address>
         <run_address>0x20008820</run_address>
         <size>0x20</size>
         <input_file_ref idref="fl-d4"/>
      </object_component>
      <object_component id="oc-2c7">
         <name>.text:GPIOIntRegister</name>
         <load_address>0x20008840</load_address>
         <run_address>0x20008840</run_address>
         <size>0x1e</size>
         <input_file_ref idref="fl-da"/>
      </object_component>
      <object_component id="oc-20e">
         <name>.text:I2CMasterIntStatusEx</name>
         <load_address>0x2000885e</load_address>
         <run_address>0x2000885e</run_address>
         <size>0x1e</size>
         <input_file_ref idref="fl-db"/>
      </object_component>
      <object_component id="oc-2a8">
         <name>.text:TimerDisable</name>
         <load_address>0x2000887c</load_address>
         <run_address>0x2000887c</run_address>
         <size>0x1e</size>
         <input_file_ref idref="fl-df"/>
      </object_component>
      <object_component id="oc-25f">
         <name>.text:TimerEnable</name>
         <load_address>0x2000889a</load_address>
         <run_address>0x2000889a</run_address>
         <size>0x1e</size>
         <input_file_ref idref="fl-df"/>
      </object_component>
      <object_component id="oc-29c">
         <name>.text:TimerIntStatus</name>
         <load_address>0x200088b8</load_address>
         <run_address>0x200088b8</run_address>
         <size>0x1e</size>
         <input_file_ref idref="fl-df"/>
      </object_component>
      <object_component id="oc-31a">
         <name>.text:UARTCharPut</name>
         <load_address>0x200088d6</load_address>
         <run_address>0x200088d6</run_address>
         <size>0x1e</size>
         <input_file_ref idref="fl-e4"/>
      </object_component>
      <object_component id="oc-1de">
         <name>.text:PinTypeI2C</name>
         <load_address>0x200088f4</load_address>
         <run_address>0x200088f4</run_address>
         <size>0x1c</size>
         <input_file_ref idref="fl-dd"/>
      </object_component>
      <object_component id="oc-1a4">
         <name>.text:TimerValueGet</name>
         <load_address>0x20008910</load_address>
         <run_address>0x20008910</run_address>
         <size>0x1c</size>
         <input_file_ref idref="fl-df"/>
      </object_component>
      <object_component id="oc-3c5">
         <name>.text</name>
         <load_address>0x2000892c</load_address>
         <run_address>0x2000892c</run_address>
         <size>0x1c</size>
         <input_file_ref idref="fl-f1"/>
      </object_component>
      <object_component id="oc-2cd">
         <name>.text:GPIOIntEnable</name>
         <load_address>0x20008948</load_address>
         <run_address>0x20008948</run_address>
         <size>0x1a</size>
         <input_file_ref idref="fl-da"/>
      </object_component>
      <object_component id="oc-1d8">
         <name>.text:PinTypeUART</name>
         <load_address>0x20008962</load_address>
         <run_address>0x20008962</run_address>
         <size>0x1a</size>
         <input_file_ref idref="fl-dd"/>
      </object_component>
      <object_component id="oc-19e">
         <name>.text:GPIOPinRead</name>
         <load_address>0x2000897c</load_address>
         <run_address>0x2000897c</run_address>
         <size>0x18</size>
         <input_file_ref idref="fl-da"/>
      </object_component>
      <object_component id="oc-2ae">
         <name>.text:TimerIntDisable</name>
         <load_address>0x20008994</load_address>
         <run_address>0x20008994</run_address>
         <size>0x18</size>
         <input_file_ref idref="fl-df"/>
      </object_component>
      <object_component id="oc-296">
         <name>.text:TimerIntEnable</name>
         <load_address>0x200089ac</load_address>
         <run_address>0x200089ac</run_address>
         <size>0x18</size>
         <input_file_ref idref="fl-df"/>
      </object_component>
      <object_component id="oc-6d">
         <name>.text</name>
         <load_address>0x200089c4</load_address>
         <run_address>0x200089c4</run_address>
         <size>0x18</size>
         <input_file_ref idref="fl-d6"/>
      </object_component>
      <object_component id="oc-232">
         <name>.text:I2CMasterDataPut</name>
         <load_address>0x200089dc</load_address>
         <run_address>0x200089dc</run_address>
         <size>0x16</size>
         <input_file_ref idref="fl-db"/>
      </object_component>
      <object_component id="oc-335">
         <name>.text:I2CMasterEnable</name>
         <load_address>0x200089f2</load_address>
         <run_address>0x200089f2</run_address>
         <size>0x16</size>
         <input_file_ref idref="fl-db"/>
      </object_component>
      <object_component id="oc-16d">
         <name>.text:PRCMHIBRegRead</name>
         <load_address>0x20008a08</load_address>
         <run_address>0x20008a08</run_address>
         <size>0x16</size>
         <input_file_ref idref="fl-de"/>
      </object_component>
      <object_component id="oc-173">
         <name>.text:PRCMHIBRegWrite</name>
         <load_address>0x20008a1e</load_address>
         <run_address>0x20008a1e</run_address>
         <size>0x16</size>
         <input_file_ref idref="fl-de"/>
      </object_component>
      <object_component id="oc-3bf">
         <name>.text</name>
         <load_address>0x20008a34</load_address>
         <run_address>0x20008a34</run_address>
         <size>0x16</size>
         <input_file_ref idref="fl-f4"/>
      </object_component>
      <object_component id="oc-157">
         <name>.text:CPUcpsie</name>
         <load_address>0x20008a4a</load_address>
         <run_address>0x20008a4a</run_address>
         <size>0x14</size>
         <input_file_ref idref="fl-e2"/>
      </object_component>
      <object_component id="oc-198">
         <name>.text:GPIOIntClear</name>
         <load_address>0x20008a5e</load_address>
         <run_address>0x20008a5e</run_address>
         <size>0x14</size>
         <input_file_ref idref="fl-da"/>
      </object_component>
      <object_component id="oc-da">
         <name>.text:IntVTableBaseSet</name>
         <load_address>0x20008a74</load_address>
         <run_address>0x20008a74</run_address>
         <size>0x14</size>
         <input_file_ref idref="fl-dc"/>
      </object_component>
      <object_component id="oc-143">
         <name>.text</name>
         <load_address>0x20008a88</load_address>
         <run_address>0x20008a88</run_address>
         <size>0x14</size>
         <input_file_ref idref="fl-d5"/>
      </object_component>
      <object_component id="oc-393">
         <name>.text</name>
         <load_address>0x20008a9c</load_address>
         <run_address>0x20008a9c</run_address>
         <size>0x14</size>
         <input_file_ref idref="fl-e7"/>
      </object_component>
      <object_component id="oc-220">
         <name>.text:I2CMasterControl</name>
         <load_address>0x20008ab0</load_address>
         <run_address>0x20008ab0</run_address>
         <size>0x12</size>
         <input_file_ref idref="fl-db"/>
      </object_component>
      <object_component id="oc-214">
         <name>.text:I2CMasterIntClearEx</name>
         <load_address>0x20008ac2</load_address>
         <run_address>0x20008ac2</run_address>
         <size>0x12</size>
         <input_file_ref idref="fl-db"/>
      </object_component>
      <object_component id="oc-21a">
         <name>.text:I2CMasterTimeoutSet</name>
         <load_address>0x20008ad4</load_address>
         <run_address>0x20008ad4</run_address>
         <size>0x12</size>
         <input_file_ref idref="fl-db"/>
      </object_component>
      <object_component id="oc-2a2">
         <name>.text:TimerIntClear</name>
         <load_address>0x20008ae6</load_address>
         <run_address>0x20008ae6</run_address>
         <size>0x12</size>
         <input_file_ref idref="fl-df"/>
      </object_component>
      <object_component id="oc-238">
         <name>.text:I2CMasterDataGet</name>
         <load_address>0x20008af8</load_address>
         <run_address>0x20008af8</run_address>
         <size>0xe</size>
         <input_file_ref idref="fl-db"/>
      </object_component>
      <object_component id="oc-12">
         <name>.text:decompress:none</name>
         <load_address>0x20008b06</load_address>
         <run_address>0x20008b06</run_address>
         <size>0xe</size>
         <input_file_ref idref="fl-c7"/>
      </object_component>
      <object_component id="oc-2d">
         <name>.text</name>
         <load_address>0x20008b14</load_address>
         <run_address>0x20008b14</run_address>
         <size>0xe</size>
         <input_file_ref idref="fl-a"/>
      </object_component>
      <object_component id="oc-e0">
         <name>.text:IntMasterEnable</name>
         <load_address>0x20008b22</load_address>
         <run_address>0x20008b22</run_address>
         <size>0xa</size>
         <input_file_ref idref="fl-dc"/>
      </object_component>
      <object_component id="oc-406">
         <name>.text</name>
         <load_address>0x20008b2c</load_address>
         <run_address>0x20008b2c</run_address>
         <size>0x8</size>
         <input_file_ref idref="fl-f6"/>
      </object_component>
      <object_component id="oc-274">
         <name>.text:UtilsDelay</name>
         <load_address>0x20008b34</load_address>
         <run_address>0x20008b34</run_address>
         <size>0x6</size>
         <input_file_ref idref="fl-e1"/>
      </object_component>
      <object_component id="oc-18">
         <name>.text:decompress:rle24</name>
         <load_address>0x20008b3a</load_address>
         <run_address>0x20008b3a</run_address>
         <size>0x6</size>
         <input_file_ref idref="fl-c8"/>
      </object_component>
      <object_component id="oc-61">
         <name>.text</name>
         <load_address>0x20008b40</load_address>
         <run_address>0x20008b40</run_address>
         <size>0x4</size>
         <input_file_ref idref="fl-d2"/>
      </object_component>
      <object_component id="oc-415">
         <name>.const:.string:_ctypes_</name>
         <load_address>0x20008b44</load_address>
         <run_address>0x20008b44</run_address>
         <size>0x101</size>
         <input_file_ref idref="fl-ec"/>
      </object_component>
      <object_component id="oc-2e5">
         <name>.const:g_ulPinToPadMap</name>
         <load_address>0x20008c48</load_address>
         <run_address>0x20008c48</run_address>
         <size>0x100</size>
         <input_file_ref idref="fl-dd"/>
      </object_component>
      <object_component id="oc-356">
         <name>.const:g_pulRegs</name>
         <load_address>0x20008d48</load_address>
         <run_address>0x20008d48</run_address>
         <size>0xd4</size>
         <input_file_ref idref="fl-dc"/>
      </object_component>
      <object_component id="oc-277">
         <name>.const:PRCM_PeriphRegsList</name>
         <load_address>0x20008e1c</load_address>
         <run_address>0x20008e1c</run_address>
         <size>0xa8</size>
         <input_file_ref idref="fl-de"/>
      </object_component>
      <object_component id="oc-3e6">
         <name>.const:g_pulDisRegs</name>
         <load_address>0x20008ec4</load_address>
         <run_address>0x20008ec4</run_address>
         <size>0x18</size>
         <input_file_ref idref="fl-dc"/>
      </object_component>
      <object_component id="oc-163">
         <name>.const:g_pulEnRegs</name>
         <load_address>0x20008edc</load_address>
         <run_address>0x20008edc</run_address>
         <size>0x18</size>
         <input_file_ref idref="fl-dc"/>
      </object_component>
      <object_component id="oc-45b">
         <name>.cinit..data.load</name>
         <load_address>0x20008ef8</load_address>
         <run_address>0x20008ef8</run_address>
         <size>0x37</size>
      </object_component>
      <object_component id="oc-45c">
         <name>.cinit..bss.load</name>
         <load_address>0x20008f30</load_address>
         <run_address>0x20008f30</run_address>
         <size>0xb</size>
      </object_component>
      <object_component id="oc-459">
         <name>__TI_handler_table</name>
         <load_address>0x20008f3c</load_address>
         <run_address>0x20008f3c</run_address>
         <size>0x8</size>
      </object_component>
      <object_component id="oc-45a">
         <name>__TI_cinit_table</name>
         <load_address>0x20008f44</load_address>
         <run_address>0x20008f44</run_address>
         <size>0x10</size>
      </object_component>
      <object_component id="oc-2db">
         <name>.data:ulReg</name>
         <load_address>0x2001f130</load_address>
         <run_address>0x2001f130</run_address>
         <size>0x14</size>
         <input_file_ref idref="fl-6"/>
      </object_component>
      <object_component id="oc-2d3">
         <name>.data</name>
         <load_address>0x2001f15c</load_address>
         <run_address>0x2001f15c</run_address>
         <size>0xc</size>
         <input_file_ref idref="fl-6"/>
      </object_component>
      <object_component id="oc-b4">
         <name>.data:$O1$$</name>
         <load_address>0x2001f144</load_address>
         <run_address>0x2001f144</run_address>
         <size>0xc</size>
         <input_file_ref idref="fl-ca"/>
      </object_component>
      <object_component id="oc-79">
         <name>.data</name>
         <load_address>0x2001f174</load_address>
         <run_address>0x2001f174</run_address>
         <size>0x4</size>
         <input_file_ref idref="fl-d3"/>
      </object_component>
      <object_component id="oc-b7">
         <name>.data:$O1$$</name>
         <load_address>0x2001f168</load_address>
         <run_address>0x2001f168</run_address>
         <size>0x8</size>
         <input_file_ref idref="fl-d5"/>
      </object_component>
      <object_component id="oc-304">
         <name>.data:$O1$$</name>
         <load_address>0x2001f150</load_address>
         <run_address>0x2001f150</run_address>
         <size>0xc</size>
         <input_file_ref idref="fl-e6"/>
      </object_component>
      <object_component id="oc-40c">
         <name>.data</name>
         <load_address>0x2001f170</load_address>
         <run_address>0x2001f170</run_address>
         <size>0x4</size>
         <input_file_ref idref="fl-f5"/>
      </object_component>
      <object_component id="oc-265">
         <name>.bss</name>
         <uninitialized>true</uninitialized>
         <run_address>0x2001f125</run_address>
         <size>0x1</size>
         <input_file_ref idref="fl-2"/>
      </object_component>
      <object_component id="oc-1b5">
         <name>.bss</name>
         <uninitialized>true</uninitialized>
         <run_address>0x2001f0f4</run_address>
         <size>0x1c</size>
         <input_file_ref idref="fl-4"/>
      </object_component>
      <object_component id="oc-1b8">
         <name>.bss:tyLocalAirQualityMeasurements</name>
         <uninitialized>true</uninitialized>
         <run_address>0x2001f000</run_address>
         <size>0xf4</size>
         <input_file_ref idref="fl-4"/>
      </object_component>
      <object_component id="oc-131">
         <name>.bss</name>
         <uninitialized>true</uninitialized>
         <run_address>0x2001f110</run_address>
         <size>0x15</size>
         <input_file_ref idref="fl-8"/>
      </object_component>
      <object_component id="oc-1f1">
         <name>.bss</name>
         <uninitialized>true</uninitialized>
         <run_address>0x2001f128</run_address>
         <size>0x4</size>
         <input_file_ref idref="fl-e0"/>
      </object_component>
      <object_component id="oc-2d6">
         <name>.common:g_ucLED1Pin</name>
         <uninitialized>true</uninitialized>
         <run_address>0x2001f126</run_address>
         <size>0x1</size>
      </object_component>
      <object_component id="oc-2d9">
         <name>.common:g_ucLED2Pin</name>
         <uninitialized>true</uninitialized>
         <run_address>0x2001f127</run_address>
         <size>0x1</size>
      </object_component>
      <object_component id="oc-2da">
         <name>.common:g_ucLED3Pin</name>
         <uninitialized>true</uninitialized>
         <run_address>0x2001f12c</run_address>
         <size>0x1</size>
      </object_component>
      <object_component id="oc-2a">
         <name>.sysmem</name>
         <uninitialized>true</uninitialized>
         <run_address>0x20017000</run_address>
         <size>0x8</size>
         <input_file_ref idref="fl-e6"/>
      </object_component>
      <object_component id="oc-45e">
         <name>.sysmem</name>
         <uninitialized>true</uninitialized>
         <run_address>0x20017000</run_address>
         <size>0x0</size>
      </object_component>
      <object_component id="oc-29">
         <name>.stack</name>
         <uninitialized>true</uninitialized>
         <run_address>0x2002f800</run_address>
         <size>0x0</size>
         <input_file_ref idref="fl-c6"/>
      </object_component>
      <object_component id="oc-45d">
         <name>.stack</name>
         <uninitialized>true</uninitialized>
         <run_address>0x2002f800</run_address>
         <size>0x0</size>
      </object_component>
      <object_component id="oc-26b">
         <name>.debug_info</name>
         <load_address>0x0</load_address>
         <run_address>0x0</run_address>
         <size>0x262</size>
         <input_file_ref idref="fl-2"/>
      </object_component>
      <object_component id="oc-266">
         <name>.debug_info</name>
         <load_address>0x262</load_address>
         <run_address>0x262</run_address>
         <size>0xd0</size>
         <input_file_ref idref="fl-2"/>
      </object_component>
      <object_component id="oc-12c">
         <name>.debug_info</name>
         <load_address>0x332</load_address>
         <run_address>0x332</run_address>
         <size>0x213</size>
         <input_file_ref idref="fl-2"/>
      </object_component>
      <object_component id="oc-254">
         <name>.debug_info</name>
         <load_address>0x545</load_address>
         <run_address>0x545</run_address>
         <size>0x106</size>
         <input_file_ref idref="fl-2"/>
      </object_component>
      <object_component id="oc-323">
         <name>.debug_info</name>
         <load_address>0x64b</load_address>
         <run_address>0x64b</run_address>
         <size>0x110</size>
         <input_file_ref idref="fl-2"/>
      </object_component>
      <object_component id="oc-135">
         <name>.debug_info</name>
         <load_address>0x75b</load_address>
         <run_address>0x75b</run_address>
         <size>0x80</size>
         <input_file_ref idref="fl-2"/>
      </object_component>
      <object_component id="oc-34f">
         <name>.debug_info</name>
         <load_address>0x7db</load_address>
         <run_address>0x7db</run_address>
         <size>0x62</size>
         <input_file_ref idref="fl-2"/>
      </object_component>
      <object_component id="oc-84">
         <name>.debug_info</name>
         <load_address>0x83d</load_address>
         <run_address>0x83d</run_address>
         <size>0x84</size>
         <input_file_ref idref="fl-2"/>
      </object_component>
      <object_component id="oc-15e">
         <name>.debug_info</name>
         <load_address>0x8c1</load_address>
         <run_address>0x8c1</run_address>
         <size>0x2c</size>
         <input_file_ref idref="fl-2"/>
      </object_component>
      <object_component id="oc-251">
         <name>.debug_info</name>
         <load_address>0x8ed</load_address>
         <run_address>0x8ed</run_address>
         <size>0x19d</size>
         <input_file_ref idref="fl-3"/>
      </object_component>
      <object_component id="oc-120">
         <name>.debug_info</name>
         <load_address>0xa8a</load_address>
         <run_address>0xa8a</run_address>
         <size>0x526</size>
         <input_file_ref idref="fl-3"/>
      </object_component>
      <object_component id="oc-1bc">
         <name>.debug_info</name>
         <load_address>0xfb0</load_address>
         <run_address>0xfb0</run_address>
         <size>0x301</size>
         <input_file_ref idref="fl-4"/>
      </object_component>
      <object_component id="oc-1b6">
         <name>.debug_info</name>
         <load_address>0x12b1</load_address>
         <run_address>0x12b1</run_address>
         <size>0x22c</size>
         <input_file_ref idref="fl-4"/>
      </object_component>
      <object_component id="oc-1b9">
         <name>.debug_info</name>
         <load_address>0x14dd</load_address>
         <run_address>0x14dd</run_address>
         <size>0xe8</size>
         <input_file_ref idref="fl-4"/>
      </object_component>
      <object_component id="oc-f3">
         <name>.debug_info</name>
         <load_address>0x15c5</load_address>
         <run_address>0x15c5</run_address>
         <size>0x73d</size>
         <input_file_ref idref="fl-4"/>
      </object_component>
      <object_component id="oc-253">
         <name>.debug_info</name>
         <load_address>0x1d02</load_address>
         <run_address>0x1d02</run_address>
         <size>0x12c</size>
         <input_file_ref idref="fl-5"/>
      </object_component>
      <object_component id="oc-126">
         <name>.debug_info</name>
         <load_address>0x1e2e</load_address>
         <run_address>0x1e2e</run_address>
         <size>0x576</size>
         <input_file_ref idref="fl-5"/>
      </object_component>
      <object_component id="oc-2d7">
         <name>.debug_info</name>
         <load_address>0x23a4</load_address>
         <run_address>0x23a4</run_address>
         <size>0x2cd</size>
         <input_file_ref idref="fl-6"/>
      </object_component>
      <object_component id="oc-2dc">
         <name>.debug_info</name>
         <load_address>0x2671</load_address>
         <run_address>0x2671</run_address>
         <size>0xe5</size>
         <input_file_ref idref="fl-6"/>
      </object_component>
      <object_component id="oc-2d4">
         <name>.debug_info</name>
         <load_address>0x2756</load_address>
         <run_address>0x2756</run_address>
         <size>0x146</size>
         <input_file_ref idref="fl-6"/>
      </object_component>
      <object_component id="oc-1b0">
         <name>.debug_info</name>
         <load_address>0x289c</load_address>
         <run_address>0x289c</run_address>
         <size>0xeea</size>
         <input_file_ref idref="fl-6"/>
      </object_component>
      <object_component id="oc-209">
         <name>.debug_info</name>
         <load_address>0x3786</load_address>
         <run_address>0x3786</run_address>
         <size>0x4e</size>
         <input_file_ref idref="fl-6"/>
      </object_component>
      <object_component id="oc-24a">
         <name>.debug_info</name>
         <load_address>0x37d4</load_address>
         <run_address>0x37d4</run_address>
         <size>0x3e7</size>
         <input_file_ref idref="fl-7"/>
      </object_component>
      <object_component id="oc-11a">
         <name>.debug_info</name>
         <load_address>0x3bbb</load_address>
         <run_address>0x3bbb</run_address>
         <size>0xb70</size>
         <input_file_ref idref="fl-7"/>
      </object_component>
      <object_component id="oc-245">
         <name>.debug_info</name>
         <load_address>0x472b</load_address>
         <run_address>0x472b</run_address>
         <size>0x8b</size>
         <input_file_ref idref="fl-7"/>
      </object_component>
      <object_component id="oc-329">
         <name>.debug_info</name>
         <load_address>0x47b6</load_address>
         <run_address>0x47b6</run_address>
         <size>0x18b</size>
         <input_file_ref idref="fl-7"/>
      </object_component>
      <object_component id="oc-132">
         <name>.debug_info</name>
         <load_address>0x4941</load_address>
         <run_address>0x4941</run_address>
         <size>0x1b1</size>
         <input_file_ref idref="fl-8"/>
      </object_component>
      <object_component id="oc-ad">
         <name>.debug_info</name>
         <load_address>0x4af2</load_address>
         <run_address>0x4af2</run_address>
         <size>0x6c0</size>
         <input_file_ref idref="fl-8"/>
      </object_component>
      <object_component id="oc-108">
         <name>.debug_info</name>
         <load_address>0x51b2</load_address>
         <run_address>0x51b2</run_address>
         <size>0x421</size>
         <input_file_ref idref="fl-9"/>
      </object_component>
      <object_component id="oc-35">
         <name>.debug_info</name>
         <load_address>0x55d3</load_address>
         <run_address>0x55d3</run_address>
         <size>0x10d</size>
         <input_file_ref idref="fl-a"/>
      </object_component>
      <object_component id="oc-10">
         <name>.debug_info</name>
         <load_address>0x56e0</load_address>
         <run_address>0x56e0</run_address>
         <size>0xf8</size>
         <input_file_ref idref="fl-a"/>
      </object_component>
      <object_component id="oc-2e">
         <name>.debug_info</name>
         <load_address>0x57d8</load_address>
         <run_address>0x57d8</run_address>
         <size>0x419</size>
         <input_file_ref idref="fl-a"/>
      </object_component>
      <object_component id="oc-2bb">
         <name>.debug_info</name>
         <load_address>0x5bf1</load_address>
         <run_address>0x5bf1</run_address>
         <size>0x3ff</size>
         <input_file_ref idref="fl-b"/>
      </object_component>
      <object_component id="oc-18d">
         <name>.debug_info</name>
         <load_address>0x5ff0</load_address>
         <run_address>0x5ff0</run_address>
         <size>0xd45</size>
         <input_file_ref idref="fl-b"/>
      </object_component>
      <object_component id="oc-27">
         <name>.debug_info</name>
         <load_address>0x6d35</load_address>
         <run_address>0x6d35</run_address>
         <size>0x161</size>
         <input_file_ref idref="fl-c6"/>
      </object_component>
      <object_component id="oc-41">
         <name>.debug_info</name>
         <load_address>0x6e96</load_address>
         <run_address>0x6e96</run_address>
         <size>0x141</size>
         <input_file_ref idref="fl-c7"/>
      </object_component>
      <object_component id="oc-13">
         <name>.debug_info</name>
         <load_address>0x6fd7</load_address>
         <run_address>0x6fd7</run_address>
         <size>0x1e0</size>
         <input_file_ref idref="fl-c7"/>
      </object_component>
      <object_component id="oc-3c">
         <name>.debug_info</name>
         <load_address>0x71b7</load_address>
         <run_address>0x71b7</run_address>
         <size>0x46</size>
         <input_file_ref idref="fl-c7"/>
      </object_component>
      <object_component id="oc-8a">
         <name>.debug_info</name>
         <load_address>0x71fd</load_address>
         <run_address>0x71fd</run_address>
         <size>0x2c</size>
         <input_file_ref idref="fl-c7"/>
      </object_component>
      <object_component id="oc-49">
         <name>.debug_info</name>
         <load_address>0x7229</load_address>
         <run_address>0x7229</run_address>
         <size>0x135</size>
         <input_file_ref idref="fl-c8"/>
      </object_component>
      <object_component id="oc-44">
         <name>.debug_info</name>
         <load_address>0x735e</load_address>
         <run_address>0x735e</run_address>
         <size>0x248</size>
         <input_file_ref idref="fl-c8"/>
      </object_component>
      <object_component id="oc-1c">
         <name>.debug_info</name>
         <load_address>0x75a6</load_address>
         <run_address>0x75a6</run_address>
         <size>0x1b2</size>
         <input_file_ref idref="fl-c8"/>
      </object_component>
      <object_component id="oc-4a">
         <name>.debug_info</name>
         <load_address>0x7758</load_address>
         <run_address>0x7758</run_address>
         <size>0x39</size>
         <input_file_ref idref="fl-c8"/>
      </object_component>
      <object_component id="oc-94">
         <name>.debug_info</name>
         <load_address>0x7791</load_address>
         <run_address>0x7791</run_address>
         <size>0x2c</size>
         <input_file_ref idref="fl-c8"/>
      </object_component>
      <object_component id="oc-bb">
         <name>.debug_info</name>
         <load_address>0x77bd</load_address>
         <run_address>0x77bd</run_address>
         <size>0x235</size>
         <input_file_ref idref="fl-ca"/>
      </object_component>
      <object_component id="oc-b5">
         <name>.debug_info</name>
         <load_address>0x79f2</load_address>
         <run_address>0x79f2</run_address>
         <size>0x186</size>
         <input_file_ref idref="fl-ca"/>
      </object_component>
      <object_component id="oc-74">
         <name>.debug_info</name>
         <load_address>0x7b78</load_address>
         <run_address>0x7b78</run_address>
         <size>0x215</size>
         <input_file_ref idref="fl-ca"/>
      </object_component>
      <object_component id="oc-fe">
         <name>.debug_info</name>
         <load_address>0x7d8d</load_address>
         <run_address>0x7d8d</run_address>
         <size>0x145</size>
         <input_file_ref idref="fl-cb"/>
      </object_component>
      <object_component id="oc-104">
         <name>.debug_info</name>
         <load_address>0x7ed2</load_address>
         <run_address>0x7ed2</run_address>
         <size>0x133</size>
         <input_file_ref idref="fl-cc"/>
      </object_component>
      <object_component id="oc-24d">
         <name>.debug_info</name>
         <load_address>0x8005</load_address>
         <run_address>0x8005</run_address>
         <size>0x133</size>
         <input_file_ref idref="fl-cd"/>
      </object_component>
      <object_component id="oc-1ab">
         <name>.debug_info</name>
         <load_address>0x8138</load_address>
         <run_address>0x8138</run_address>
         <size>0x132</size>
         <input_file_ref idref="fl-ce"/>
      </object_component>
      <object_component id="oc-38">
         <name>.debug_info</name>
         <load_address>0x826a</load_address>
         <run_address>0x826a</run_address>
         <size>0x112</size>
         <input_file_ref idref="fl-cf"/>
      </object_component>
      <object_component id="oc-51">
         <name>.debug_info</name>
         <load_address>0x837c</load_address>
         <run_address>0x837c</run_address>
         <size>0x140</size>
         <input_file_ref idref="fl-d0"/>
      </object_component>
      <object_component id="oc-5c">
         <name>.debug_info</name>
         <load_address>0x84bc</load_address>
         <run_address>0x84bc</run_address>
         <size>0x139</size>
         <input_file_ref idref="fl-d1"/>
      </object_component>
      <object_component id="oc-62">
         <name>.debug_info</name>
         <load_address>0x85f5</load_address>
         <run_address>0x85f5</run_address>
         <size>0x149</size>
         <input_file_ref idref="fl-d2"/>
      </object_component>
      <object_component id="oc-7a">
         <name>.debug_info</name>
         <load_address>0x873e</load_address>
         <run_address>0x873e</run_address>
         <size>0x10a</size>
         <input_file_ref idref="fl-d3"/>
      </object_component>
      <object_component id="oc-f9">
         <name>.debug_info</name>
         <load_address>0x8848</load_address>
         <run_address>0x8848</run_address>
         <size>0x127</size>
         <input_file_ref idref="fl-d4"/>
      </object_component>
      <object_component id="oc-14b">
         <name>.debug_info</name>
         <load_address>0x896f</load_address>
         <run_address>0x896f</run_address>
         <size>0x125</size>
         <input_file_ref idref="fl-d5"/>
      </object_component>
      <object_component id="oc-b8">
         <name>.debug_info</name>
         <load_address>0x8a94</load_address>
         <run_address>0x8a94</run_address>
         <size>0x114</size>
         <input_file_ref idref="fl-d5"/>
      </object_component>
      <object_component id="oc-144">
         <name>.debug_info</name>
         <load_address>0x8ba8</load_address>
         <run_address>0x8ba8</run_address>
         <size>0x220</size>
         <input_file_ref idref="fl-d5"/>
      </object_component>
      <object_component id="oc-b3">
         <name>.debug_info</name>
         <load_address>0x8dc8</load_address>
         <run_address>0x8dc8</run_address>
         <size>0x167</size>
         <input_file_ref idref="fl-d6"/>
      </object_component>
      <object_component id="oc-6e">
         <name>.debug_info</name>
         <load_address>0x8f2f</load_address>
         <run_address>0x8f2f</run_address>
         <size>0x168</size>
         <input_file_ref idref="fl-d6"/>
      </object_component>
      <object_component id="oc-13c">
         <name>.debug_info</name>
         <load_address>0x9097</load_address>
         <run_address>0x9097</run_address>
         <size>0x5e</size>
         <input_file_ref idref="fl-d6"/>
      </object_component>
      <object_component id="oc-ab">
         <name>.debug_info</name>
         <load_address>0x90f5</load_address>
         <run_address>0x90f5</run_address>
         <size>0x2ea</size>
         <input_file_ref idref="fl-d7"/>
      </object_component>
      <object_component id="oc-68">
         <name>.debug_info</name>
         <load_address>0x93df</load_address>
         <run_address>0x93df</run_address>
         <size>0x191</size>
         <input_file_ref idref="fl-d7"/>
      </object_component>
      <object_component id="oc-d0">
         <name>.debug_info</name>
         <load_address>0x9570</load_address>
         <run_address>0x9570</run_address>
         <size>0x39</size>
         <input_file_ref idref="fl-d7"/>
      </object_component>
      <object_component id="oc-d5">
         <name>.debug_info</name>
         <load_address>0x95a9</load_address>
         <run_address>0x95a9</run_address>
         <size>0xcd</size>
         <input_file_ref idref="fl-d7"/>
      </object_component>
      <object_component id="oc-cc">
         <name>.debug_info</name>
         <load_address>0x9676</load_address>
         <run_address>0x9676</run_address>
         <size>0x1e1</size>
         <input_file_ref idref="fl-d8"/>
      </object_component>
      <object_component id="oc-9f">
         <name>.debug_info</name>
         <load_address>0x9857</load_address>
         <run_address>0x9857</run_address>
         <size>0x184</size>
         <input_file_ref idref="fl-d8"/>
      </object_component>
      <object_component id="oc-151">
         <name>.debug_info</name>
         <load_address>0x99db</load_address>
         <run_address>0x99db</run_address>
         <size>0x2c</size>
         <input_file_ref idref="fl-d8"/>
      </object_component>
      <object_component id="oc-a6">
         <name>.debug_info</name>
         <load_address>0x9a07</load_address>
         <run_address>0x9a07</run_address>
         <size>0x146</size>
         <input_file_ref idref="fl-d9"/>
      </object_component>
      <object_component id="oc-37e">
         <name>.debug_info</name>
         <load_address>0x9b4d</load_address>
         <run_address>0x9b4d</run_address>
         <size>0x186</size>
         <input_file_ref idref="fl-da"/>
      </object_component>
      <object_component id="oc-378">
         <name>.debug_info</name>
         <load_address>0x9cd3</load_address>
         <run_address>0x9cd3</run_address>
         <size>0x1c8</size>
         <input_file_ref idref="fl-da"/>
      </object_component>
      <object_component id="oc-1cd">
         <name>.debug_info</name>
         <load_address>0x9e9b</load_address>
         <run_address>0x9e9b</run_address>
         <size>0x207</size>
         <input_file_ref idref="fl-da"/>
      </object_component>
      <object_component id="oc-2c2">
         <name>.debug_info</name>
         <load_address>0xa0a2</load_address>
         <run_address>0xa0a2</run_address>
         <size>0x212</size>
         <input_file_ref idref="fl-da"/>
      </object_component>
      <object_component id="oc-2ce">
         <name>.debug_info</name>
         <load_address>0xa2b4</load_address>
         <run_address>0xa2b4</run_address>
         <size>0x1e9</size>
         <input_file_ref idref="fl-da"/>
      </object_component>
      <object_component id="oc-193">
         <name>.debug_info</name>
         <load_address>0xa49d</load_address>
         <run_address>0xa49d</run_address>
         <size>0x1e1</size>
         <input_file_ref idref="fl-da"/>
      </object_component>
      <object_component id="oc-199">
         <name>.debug_info</name>
         <load_address>0xa67e</load_address>
         <run_address>0xa67e</run_address>
         <size>0x1e7</size>
         <input_file_ref idref="fl-da"/>
      </object_component>
      <object_component id="oc-2c8">
         <name>.debug_info</name>
         <load_address>0xa865</load_address>
         <run_address>0xa865</run_address>
         <size>0x232</size>
         <input_file_ref idref="fl-da"/>
      </object_component>
      <object_component id="oc-19f">
         <name>.debug_info</name>
         <load_address>0xaa97</load_address>
         <run_address>0xaa97</run_address>
         <size>0x1d9</size>
         <input_file_ref idref="fl-da"/>
      </object_component>
      <object_component id="oc-1d3">
         <name>.debug_info</name>
         <load_address>0xac70</load_address>
         <run_address>0xac70</run_address>
         <size>0x1fe</size>
         <input_file_ref idref="fl-da"/>
      </object_component>
      <object_component id="oc-23f">
         <name>.debug_info</name>
         <load_address>0xae6e</load_address>
         <run_address>0xae6e</run_address>
         <size>0x26c</size>
         <input_file_ref idref="fl-db"/>
      </object_component>
      <object_component id="oc-336">
         <name>.debug_info</name>
         <load_address>0xb0da</load_address>
         <run_address>0xb0da</run_address>
         <size>0x1b7</size>
         <input_file_ref idref="fl-db"/>
      </object_component>
      <object_component id="oc-20f">
         <name>.debug_info</name>
         <load_address>0xb291</load_address>
         <run_address>0xb291</run_address>
         <size>0x1f4</size>
         <input_file_ref idref="fl-db"/>
      </object_component>
      <object_component id="oc-215">
         <name>.debug_info</name>
         <load_address>0xb485</load_address>
         <run_address>0xb485</run_address>
         <size>0x202</size>
         <input_file_ref idref="fl-db"/>
      </object_component>
      <object_component id="oc-22d">
         <name>.debug_info</name>
         <load_address>0xb687</load_address>
         <run_address>0xb687</run_address>
         <size>0x239</size>
         <input_file_ref idref="fl-db"/>
      </object_component>
      <object_component id="oc-221">
         <name>.debug_info</name>
         <load_address>0xb8c0</load_address>
         <run_address>0xb8c0</run_address>
         <size>0x1e8</size>
         <input_file_ref idref="fl-db"/>
      </object_component>
      <object_component id="oc-227">
         <name>.debug_info</name>
         <load_address>0xbaa8</load_address>
         <run_address>0xbaa8</run_address>
         <size>0x1cd</size>
         <input_file_ref idref="fl-db"/>
      </object_component>
      <object_component id="oc-233">
         <name>.debug_info</name>
         <load_address>0xbc75</load_address>
         <run_address>0xbc75</run_address>
         <size>0x1e8</size>
         <input_file_ref idref="fl-db"/>
      </object_component>
      <object_component id="oc-239">
         <name>.debug_info</name>
         <load_address>0xbe5d</load_address>
         <run_address>0xbe5d</run_address>
         <size>0x1bd</size>
         <input_file_ref idref="fl-db"/>
      </object_component>
      <object_component id="oc-21b">
         <name>.debug_info</name>
         <load_address>0xc01a</load_address>
         <run_address>0xc01a</run_address>
         <size>0x1f6</size>
         <input_file_ref idref="fl-db"/>
      </object_component>
      <object_component id="oc-272">
         <name>.debug_info</name>
         <load_address>0xc210</load_address>
         <run_address>0xc210</run_address>
         <size>0x1a7</size>
         <input_file_ref idref="fl-dc"/>
      </object_component>
      <object_component id="oc-357">
         <name>.debug_info</name>
         <load_address>0xc3b7</load_address>
         <run_address>0xc3b7</run_address>
         <size>0x102</size>
         <input_file_ref idref="fl-dc"/>
      </object_component>
      <object_component id="oc-164">
         <name>.debug_info</name>
         <load_address>0xc4b9</load_address>
         <run_address>0xc4b9</run_address>
         <size>0x106</size>
         <input_file_ref idref="fl-dc"/>
      </object_component>
      <object_component id="oc-3e7">
         <name>.debug_info</name>
         <load_address>0xc5bf</load_address>
         <run_address>0xc5bf</run_address>
         <size>0x108</size>
         <input_file_ref idref="fl-dc"/>
      </object_component>
      <object_component id="oc-3ec">
         <name>.debug_info</name>
         <load_address>0xc6c7</load_address>
         <run_address>0xc6c7</run_address>
         <size>0x18b</size>
         <input_file_ref idref="fl-dc"/>
      </object_component>
      <object_component id="oc-e2">
         <name>.debug_info</name>
         <load_address>0xc852</load_address>
         <run_address>0xc852</run_address>
         <size>0x1a6</size>
         <input_file_ref idref="fl-dc"/>
      </object_component>
      <object_component id="oc-dc">
         <name>.debug_info</name>
         <load_address>0xc9f8</load_address>
         <run_address>0xc9f8</run_address>
         <size>0x1d8</size>
         <input_file_ref idref="fl-dc"/>
      </object_component>
      <object_component id="oc-35c">
         <name>.debug_info</name>
         <load_address>0xcbd0</load_address>
         <run_address>0xcbd0</run_address>
         <size>0x222</size>
         <input_file_ref idref="fl-dc"/>
      </object_component>
      <object_component id="oc-36f">
         <name>.debug_info</name>
         <load_address>0xcdf2</load_address>
         <run_address>0xcdf2</run_address>
         <size>0x1ed</size>
         <input_file_ref idref="fl-dc"/>
      </object_component>
      <object_component id="oc-28c">
         <name>.debug_info</name>
         <load_address>0xcfdf</load_address>
         <run_address>0xcfdf</run_address>
         <size>0x224</size>
         <input_file_ref idref="fl-dc"/>
      </object_component>
      <object_component id="oc-e8">
         <name>.debug_info</name>
         <load_address>0xd203</load_address>
         <run_address>0xd203</run_address>
         <size>0x1c9</size>
         <input_file_ref idref="fl-dc"/>
      </object_component>
      <object_component id="oc-369">
         <name>.debug_info</name>
         <load_address>0xd3cc</load_address>
         <run_address>0xd3cc</run_address>
         <size>0x1cb</size>
         <input_file_ref idref="fl-dc"/>
      </object_component>
      <object_component id="oc-388">
         <name>.debug_info</name>
         <load_address>0xd597</load_address>
         <run_address>0xd597</run_address>
         <size>0xf4</size>
         <input_file_ref idref="fl-dd"/>
      </object_component>
      <object_component id="oc-2e6">
         <name>.debug_info</name>
         <load_address>0xd68b</load_address>
         <run_address>0xd68b</run_address>
         <size>0x108</size>
         <input_file_ref idref="fl-dd"/>
      </object_component>
      <object_component id="oc-1c1">
         <name>.debug_info</name>
         <load_address>0xd793</load_address>
         <run_address>0xd793</run_address>
         <size>0x1e9</size>
         <input_file_ref idref="fl-dd"/>
      </object_component>
      <object_component id="oc-2ea">
         <name>.debug_info</name>
         <load_address>0xd97c</load_address>
         <run_address>0xd97c</run_address>
         <size>0x237</size>
         <input_file_ref idref="fl-dd"/>
      </object_component>
      <object_component id="oc-1d9">
         <name>.debug_info</name>
         <load_address>0xdbb3</load_address>
         <run_address>0xdbb3</run_address>
         <size>0x1fe</size>
         <input_file_ref idref="fl-dd"/>
      </object_component>
      <object_component id="oc-1df">
         <name>.debug_info</name>
         <load_address>0xddb1</load_address>
         <run_address>0xddb1</run_address>
         <size>0x1fc</size>
         <input_file_ref idref="fl-dd"/>
      </object_component>
      <object_component id="oc-1c7">
         <name>.debug_info</name>
         <load_address>0xdfad</load_address>
         <run_address>0xdfad</run_address>
         <size>0x24c</size>
         <input_file_ref idref="fl-dd"/>
      </object_component>
      <object_component id="oc-27c">
         <name>.debug_info</name>
         <load_address>0xe1f9</load_address>
         <run_address>0xe1f9</run_address>
         <size>0x204</size>
         <input_file_ref idref="fl-de"/>
      </object_component>
      <object_component id="oc-278">
         <name>.debug_info</name>
         <load_address>0xe3fd</load_address>
         <run_address>0xe3fd</run_address>
         <size>0x111</size>
         <input_file_ref idref="fl-de"/>
      </object_component>
      <object_component id="oc-168">
         <name>.debug_info</name>
         <load_address>0xe50e</load_address>
         <run_address>0xe50e</run_address>
         <size>0x1d0</size>
         <input_file_ref idref="fl-de"/>
      </object_component>
      <object_component id="oc-17a">
         <name>.debug_info</name>
         <load_address>0xe6de</load_address>
         <run_address>0xe6de</run_address>
         <size>0x215</size>
         <input_file_ref idref="fl-de"/>
      </object_component>
      <object_component id="oc-186">
         <name>.debug_info</name>
         <load_address>0xe8f3</load_address>
         <run_address>0xe8f3</run_address>
         <size>0x217</size>
         <input_file_ref idref="fl-de"/>
      </object_component>
[...]
         <name>__aeabi_dsub</name>
         <value>0x20006ea1</value>
         <object_component_ref idref="oc-fd"/>
      </symbol>
      <symbol id="sm-2f2">
         <name>__aeabi_dadd</name>
         <value>0x20006eab</value>
         <object_component_ref idref="oc-fd"/>
      </symbol>
      <symbol id="sm-306">
         <name>__aeabi_ddiv</name>
         <value>0x200074d5</value>
         <object_component_ref idref="oc-102"/>
      </symbol>
      <symbol id="sm-311">
         <name>__aeabi_dmul</name>
         <value>0x2000760b</value>
         <object_component_ref idref="oc-24b"/>
      </symbol>
      <symbol id="sm-31b">
         <name>__aeabi_d2uiz</name>
         <value>0x20008469</value>
         <object_component_ref idref="oc-1aa"/>
      </symbol>
      <symbol id="sm-336">
         <name>memcpy</name>
         <value>0x200079d5</value>
         <object_component_ref idref="oc-36"/>
      </symbol>
      <symbol id="sm-337">
         <name>__aeabi_memcpy</name>
         <value>0x200079d5</value>
         <object_component_ref idref="oc-36"/>
      </symbol>
      <symbol id="sm-338">
         <name>__aeabi_memcpy8</name>
         <value>0x200079d5</value>
         <object_component_ref idref="oc-36"/>
      </symbol>
      <symbol id="sm-339">
         <name>__aeabi_memcpy4</name>
         <value>0x200079d5</value>
         <object_component_ref idref="oc-36"/>
      </symbol>
      <symbol id="sm-348">
         <name>__aeabi_memset</name>
         <value>0x20007ea7</value>
         <object_component_ref idref="oc-4f"/>
      </symbol>
      <symbol id="sm-349">
         <name>memset</name>
         <value>0x20007ead</value>
         <object_component_ref idref="oc-4f"/>
      </symbol>
      <symbol id="sm-34a">
         <name>__aeabi_memset8</name>
         <value>0x20007ea7</value>
         <object_component_ref idref="oc-4f"/>
      </symbol>
      <symbol id="sm-34b">
         <name>__aeabi_memset4</name>
         <value>0x20007ea7</value>
         <object_component_ref idref="oc-4f"/>
      </symbol>
      <symbol id="sm-34c">
         <name>__aeabi_memclr8</name>
         <value>0x20007ea5</value>
         <object_component_ref idref="oc-4f"/>
      </symbol>
      <symbol id="sm-34d">
         <name>__aeabi_memclr4</name>
         <value>0x20007ea5</value>
         <object_component_ref idref="oc-4f"/>
      </symbol>
      <symbol id="sm-34e">
         <name>__aeabi_memclr</name>
         <value>0x20007ea5</value>
         <object_component_ref idref="oc-4f"/>
      </symbol>
      <symbol id="sm-358">
         <name>__mpu_init</name>
         <value>0x20007057</value>
         <object_component_ref idref="oc-5b"/>
      </symbol>
      <symbol id="sm-362">
         <name>_system_pre_init</name>
         <value>0x20008b41</value>
         <object_component_ref idref="oc-61"/>
      </symbol>
      <symbol id="sm-36a">
         <name>main_func_sp</name>
         <value>0x2001f174</value>
         <object_component_ref idref="oc-79"/>
      </symbol>
      <symbol id="sm-374">
         <name>__aeabi_ui2d</name>
         <value>0x20008821</value>
         <object_component_ref idref="oc-f8"/>
      </symbol>
      <symbol id="sm-38d">
         <name>_nop</name>
         <value>0x20008a97</value>
         <object_component_ref idref="oc-143"/>
      </symbol>
      <symbol id="sm-38e">
         <name>_lock</name>
         <value>0x2001f168</value>
         <object_component_ref idref="oc-b7"/>
      </symbol>
      <symbol id="sm-38f">
         <name>_unlock</name>
         <value>0x2001f16c</value>
         <object_component_ref idref="oc-b7"/>
      </symbol>
      <symbol id="sm-390">
         <name>_register_lock</name>
         <value>0x20008a8f</value>
         <object_component_ref idref="oc-143"/>
      </symbol>
      <symbol id="sm-391">
         <name>_register_unlock</name>
         <value>0x20008a89</value>
         <object_component_ref idref="oc-143"/>
      </symbol>
      <symbol id="sm-3a5">
         <name>_args_main</name>
         <value>0x200089c5</value>
         <object_component_ref idref="oc-6d"/>
      </symbol>
      <symbol id="sm-3ca">
         <name>__TI_auto_init</name>
         <value>0x20008005</value>
         <object_component_ref idref="oc-67"/>
      </symbol>
      <symbol id="sm-3e4">
         <name>copy_in</name>
         <value>0x20008349</value>
         <object_component_ref idref="oc-9e"/>
      </symbol>
      <symbol id="sm-3ee">
         <name>_system_post_cinit</name>
         <value>0x20007707</value>
         <object_component_ref idref="oc-a4"/>
      </symbol>
      <symbol id="sm-44e">
         <name>GPIOIntRegister</name>
         <value>0x20008841</value>
         <object_component_ref idref="oc-2c7"/>
      </symbol>
      <symbol id="sm-44f">
         <name>GPIOIntEnable</name>
         <value>0x20008949</value>
         <object_component_ref idref="oc-2cd"/>
      </symbol>
      <symbol id="sm-450">
         <name>GPIOIntTypeSet</name>
         <value>0x20007da5</value>
         <object_component_ref idref="oc-2c1"/>
      </symbol>
      <symbol id="sm-451">
         <name>GPIOIntClear</name>
         <value>0x20008a5f</value>
         <object_component_ref idref="oc-198"/>
      </symbol>
      <symbol id="sm-452">
         <name>GPIOIntStatus</name>
         <value>0x2000879d</value>
         <object_component_ref idref="oc-192"/>
      </symbol>
      <symbol id="sm-453">
         <name>GPIOPinRead</name>
         <value>0x2000897d</value>
         <object_component_ref idref="oc-19e"/>
      </symbol>
      <symbol id="sm-454">
         <name>GPIODirModeSet</name>
         <value>0x20008569</value>
         <object_component_ref idref="oc-1cc"/>
      </symbol>
      <symbol id="sm-455">
         <name>GPIOPinWrite</name>
         <value>0x200087e1</value>
         <object_component_ref idref="oc-1d2"/>
      </symbol>
      <symbol id="sm-4b4">
         <name>I2CMasterDataPut</name>
         <value>0x200089dd</value>
         <object_component_ref idref="oc-232"/>
      </symbol>
      <symbol id="sm-4b5">
         <name>I2CMasterInitExpClk</name>
         <value>0x20007d21</value>
         <object_component_ref idref="oc-23e"/>
      </symbol>
      <symbol id="sm-4b6">
         <name>I2CMasterIntClearEx</name>
         <value>0x20008ac3</value>
         <object_component_ref idref="oc-214"/>
      </symbol>
      <symbol id="sm-4b7">
         <name>I2CMasterSlaveAddrSet</name>
         <value>0x200087bf</value>
         <object_component_ref idref="oc-22c"/>
      </symbol>
      <symbol id="sm-4b8">
         <name>I2CMasterDataGet</name>
         <value>0x20008af9</value>
         <object_component_ref idref="oc-238"/>
      </symbol>
      <symbol id="sm-4b9">
         <name>I2CMasterErr</name>
         <value>0x2000862f</value>
         <object_component_ref idref="oc-226"/>
      </symbol>
      <symbol id="sm-4ba">
         <name>I2CMasterTimeoutSet</name>
         <value>0x20008ad5</value>
         <object_component_ref idref="oc-21a"/>
      </symbol>
      <symbol id="sm-4bb">
         <name>I2CMasterControl</name>
         <value>0x20008ab1</value>
         <object_component_ref idref="oc-220"/>
      </symbol>
      <symbol id="sm-4bc">
         <name>I2CMasterEnable</name>
         <value>0x200089f3</value>
         <object_component_ref idref="oc-335"/>
      </symbol>
      <symbol id="sm-4bd">
         <name>I2CMasterIntStatusEx</name>
         <value>0x2000885f</value>
         <object_component_ref idref="oc-20e"/>
      </symbol>
      <symbol id="sm-534">
         <name>IntPrioritySet</name>
         <value>0x20008255</value>
         <object_component_ref idref="oc-28a"/>
      </symbol>
      <symbol id="sm-535">
         <name>IntVTableBaseSet</name>
         <value>0x20008a75</value>
         <object_component_ref idref="oc-da"/>
      </symbol>
      <symbol id="sm-536">
         <name>IntEnable</name>
         <value>0x2000792d</value>
         <object_component_ref idref="oc-e6"/>
      </symbol>
      <symbol id="sm-537">
         <name>IntDisable</name>
         <value>0x20007885</value>
         <object_component_ref idref="oc-367"/>
      </symbol>
      <symbol id="sm-538">
         <name>IntRegister</name>
         <value>0x20008801</value>
         <object_component_ref idref="oc-35a"/>
      </symbol>
      <symbol id="sm-539">
         <name>IntUnregister</name>
         <value>0x20008755</value>
         <object_component_ref idref="oc-36d"/>
      </symbol>
      <symbol id="sm-53a">
         <name>IntMasterEnable</name>
         <value>0x20008b23</value>
         <object_component_ref idref="oc-e0"/>
      </symbol>
      <symbol id="sm-579">
         <name>PinTypeI2C</name>
         <value>0x200088f5</value>
         <object_component_ref idref="oc-1de"/>
      </symbol>
      <symbol id="sm-57a">
         <name>PinTypeUART</name>
         <value>0x20008963</value>
         <object_component_ref idref="oc-1d8"/>
      </symbol>
      <symbol id="sm-57b">
         <name>PinTypeGPIO</name>
         <value>0x2000859f</value>
         <object_component_ref idref="oc-1c6"/>
      </symbol>
      <symbol id="sm-57c">
         <name>PinConfigSet</name>
         <value>0x20007b05</value>
         <object_component_ref idref="oc-2e9"/>
      </symbol>
      <symbol id="sm-57d">
         <name>PinModeSet</name>
         <value>0x200084ad</value>
         <object_component_ref idref="oc-1c0"/>
      </symbol>
      <symbol id="sm-603">
         <name>PRCMPeripheralReset</name>
         <value>0x200081a5</value>
         <object_component_ref idref="oc-17f"/>
      </symbol>
      <symbol id="sm-604">
         <name>PRCMPeripheralClkEnable</name>
         <value>0x2000852d</value>
         <object_component_ref idref="oc-179"/>
      </symbol>
      <symbol id="sm-605">
         <name>PRCMPeripheralClockGet</name>
         <value>0x20007a71</value>
         <object_component_ref idref="oc-1e5"/>
      </symbol>
      <symbol id="sm-606">
         <name>PRCMCC3200MCUInit</name>
         <value>0x200071f1</value>
         <object_component_ref idref="oc-ec"/>
      </symbol>
      <symbol id="sm-607">
         <name>PRCMHIBRegWrite</name>
         <value>0x20008a1f</value>
         <object_component_ref idref="oc-173"/>
      </symbol>
      <symbol id="sm-608">
         <name>PRCMSysResetCauseGet</name>
         <value>0x2000865d</value>
         <object_component_ref idref="oc-167"/>
      </symbol>
      <symbol id="sm-609">
         <name>PRCMPeripheralClkDisable</name>
         <value>0x2000872d</value>
         <object_component_ref idref="oc-185"/>
      </symbol>
      <symbol id="sm-60a">
         <name>PRCMHIBRegRead</name>
         <value>0x20008a09</value>
         <object_component_ref idref="oc-16d"/>
      </symbol>
      <symbol id="sm-68e">
         <name>TimerLoadSet</name>
         <value>0x20008689</value>
         <object_component_ref idref="oc-259"/>
      </symbol>
      <symbol id="sm-68f">
         <name>TimerDisable</name>
         <value>0x2000887d</value>
         <object_component_ref idref="oc-2a8"/>
      </symbol>
      <symbol id="sm-690">
         <name>TimerIntRegister</name>
         <value>0x20007f95</value>
         <object_component_ref idref="oc-290"/>
      </symbol>
      <symbol id="sm-691">
         <name>TimerEnable</name>
         <value>0x2000889b</value>
         <object_component_ref idref="oc-25f"/>
      </symbol>
      <symbol id="sm-692">
         <name>TimerIntUnregister</name>
         <value>0x200080e1</value>
         <object_component_ref idref="oc-2b4"/>
      </symbol>
      <symbol id="sm-693">
         <name>TimerIntStatus</name>
         <value>0x200088b9</value>
         <object_component_ref idref="oc-29c"/>
      </symbol>
      <symbol id="sm-694">
         <name>TimerIntDisable</name>
         <value>0x20008995</value>
         <object_component_ref idref="oc-2ae"/>
      </symbol>
      <symbol id="sm-695">
         <name>TimerValueGet</name>
         <value>0x20008911</value>
         <object_component_ref idref="oc-1a4"/>
      </symbol>
      <symbol id="sm-696">
         <name>TimerPrescaleSet</name>
         <value>0x200086b3</value>
         <object_component_ref idref="oc-284"/>
      </symbol>
      <symbol id="sm-697">
         <name>TimerIntEnable</name>
         <value>0x200089ad</value>
         <object_component_ref idref="oc-296"/>
      </symbol>
      <symbol id="sm-698">
         <name>TimerConfigure</name>
         <value>0x20008425</value>
         <object_component_ref idref="oc-27e"/>
      </symbol>
      <symbol id="sm-699">
         <name>TimerIntClear</name>
         <value>0x20008ae7</value>
         <object_component_ref idref="oc-2a2"/>
      </symbol>
      <symbol id="sm-6cc">
         <name>Message</name>
         <value>0x20008705</value>
         <object_component_ref idref="oc-201"/>
      </symbol>
      <symbol id="sm-6cd">
         <name>Report</name>
         <value>0x200077d9</value>
         <object_component_ref idref="oc-113"/>
      </symbol>
      <symbol id="sm-6ce">
         <name>InitTerm</name>
         <value>0x200086dd</value>
         <object_component_ref idref="oc-10d"/>
      </symbol>
      <symbol id="sm-6d2">
         <name>UtilsDelay</name>
         <value>0x20008b35</value>
         <object_component_ref idref="oc-274"/>
      </symbol>
      <symbol id="sm-6dc">
         <name>CPUcpsie</name>
         <value>0x20008a4b</value>
         <object_component_ref idref="oc-157"/>
      </symbol>
      <symbol id="sm-705">
         <name>UARTConfigSetExpClk</name>
         <value>0x20007f1f</value>
         <object_component_ref idref="oc-1eb"/>
      </symbol>
      <symbol id="sm-706">
         <name>UARTDisable</name>
         <value>0x200085d1</value>
         <object_component_ref idref="oc-2f5"/>
      </symbol>
      <symbol id="sm-707">
         <name>UARTCharPut</name>
         <value>0x200088d7</value>
         <object_component_ref idref="oc-31a"/>
      </symbol>
      <symbol id="sm-708">
         <name>UARTEnable</name>
         <value>0x20008779</value>
         <object_component_ref idref="oc-2fb"/>
      </symbol>
      <symbol id="sm-77d">
         <name>_sys_memory</name>
         <value>0x20017000</value>
         <object_component_ref idref="oc-2a"/>
      </symbol>
      <symbol id="sm-77e">
         <name>free</name>
         <value>0x20005c27</value>
         <object_component_ref idref="oc-1f5"/>
      </symbol>
      <symbol id="sm-77f">
         <name>realloc</name>
         <value>0x20005ce9</value>
         <object_component_ref idref="oc-1f5"/>
      </symbol>
      <symbol id="sm-780">
         <name>memalign</name>
         <value>0x20005df5</value>
         <object_component_ref idref="oc-1f5"/>
      </symbol>
      <symbol id="sm-781">
         <name>calloc</name>
         <value>0x20005ed9</value>
         <object_component_ref idref="oc-1f5"/>
      </symbol>
      <symbol id="sm-782">
         <name>malloc</name>
         <value>0x20005bbf</value>
         <object_component_ref idref="oc-1f5"/>
      </symbol>
      <symbol id="sm-783">
         <name>minit</name>
         <value>0x20005b31</value>
         <object_component_ref idref="oc-1f5"/>
      </symbol>
      <symbol id="sm-791">
         <name>strlen</name>
         <value>0x20008a9d</value>
         <object_component_ref idref="oc-393"/>
      </symbol>
      <symbol id="sm-7ad">
         <name>__aeabi_uldivmod</name>
         <value>0x200068e5</value>
         <object_component_ref idref="oc-38e"/>
      </symbol>
      <symbol id="sm-7ce">
         <name>vsnprintf</name>
         <value>0x20007b8d</value>
         <object_component_ref idref="oc-1fb"/>
      </symbol>
      <symbol id="sm-8d5">
         <name>__TI_printfi</name>
         <value>0x200051f7</value>
         <object_component_ref idref="oc-308"/>
      </symbol>
      <symbol id="sm-8eb">
         <name>atoi</name>
         <value>0x200082fd</value>
         <object_component_ref idref="oc-3cb"/>
      </symbol>
      <symbol id="sm-8f6">
         <name>_ctypes_</name>
         <value>0x20008b44</value>
         <object_component_ref idref="oc-415"/>
      </symbol>
      <symbol id="sm-918">
         <name>__aeabi_cdcmpeq</name>
         <value>0x20007c15</value>
         <object_component_ref idref="oc-399"/>
      </symbol>
      <symbol id="sm-919">
         <name>__aeabi_cdcmple</name>
         <value>0x20007c15</value>
         <object_component_ref idref="oc-399"/>
      </symbol>
      <symbol id="sm-91a">
         <name>__aeabi_cdrcmple</name>
         <value>0x20007c9b</value>
         <object_component_ref idref="oc-39e"/>
      </symbol>
      <symbol id="sm-924">
         <name>__aeabi_d2iz</name>
         <value>0x200083dd</value>
         <object_component_ref idref="oc-3a3"/>
      </symbol>
      <symbol id="sm-92e">
         <name>__aeabi_i2d</name>
         <value>0x20008601</value>
         <object_component_ref idref="oc-3ae"/>
      </symbol>
      <symbol id="sm-93d">
         <name>ltoa</name>
         <value>0x200081fd</value>
         <object_component_ref idref="oc-3a8"/>
      </symbol>
      <symbol id="sm-94d">
         <name>memccpy</name>
         <value>0x2000892d</value>
         <object_component_ref idref="oc-3c5"/>
      </symbol>
      <symbol id="sm-966">
         <name>frexpl</name>
         <value>0x20008149</value>
         <object_component_ref idref="oc-3b3"/>
      </symbol>
      <symbol id="sm-967">
         <name>frexp</name>
         <value>0x20008149</value>
         <object_component_ref idref="oc-3b3"/>
      </symbol>
      <symbol id="sm-985">
         <name>scalbn</name>
         <value>0x20007709</value>
         <object_component_ref idref="oc-3b9"/>
      </symbol>
      <symbol id="sm-986">
         <name>scalbnl</name>
         <value>0x20007709</value>
         <object_component_ref idref="oc-3b9"/>
      </symbol>
      <symbol id="sm-987">
         <name>ldexpl</name>
         <value>0x20007709</value>
         <object_component_ref idref="oc-3b9"/>
      </symbol>
      <symbol id="sm-988">
         <name>ldexp</name>
         <value>0x20007709</value>
         <object_component_ref idref="oc-3b9"/>
      </symbol>
      <symbol id="sm-998">
         <name>strchr</name>
         <value>0x20008a35</value>
         <object_component_ref idref="oc-3bf"/>
      </symbol>
      <symbol id="sm-9a0">
         <name>errno</name>
         <value>0x2001f170</value>
         <object_component_ref idref="oc-40c"/>
      </symbol>
      <symbol id="sm-9aa">
         <name>copysign</name>
         <value>0x20008b2d</value>
         <object_component_ref idref="oc-406"/>
      </symbol>
      <symbol id="sm-9ab">
         <name>copysignl</name>
         <value>0x20008b2d</value>
         <object_component_ref idref="oc-406"/>
      </symbol>
      <symbol id="sm-9ac">
         <name>__TI_static_base__</name>
         <value>0x20008ef8</value>
      </symbol>
      <symbol id="sm-9af">
         <name>SHT$$INIT_ARRAY$$Limit</name>
         <value>0x0</value>
      </symbol>
      <symbol id="sm-9b0">
         <name>SHT$$INIT_ARRAY$$Base</name>
         <value>0x0</value>
      </symbol>
   </symbol_table>
   <title>Link successful</title>
</link_info>
