******************************************************************************
                  TI ARM Linker PC v15.12.3                    
******************************************************************************
>> Linked Sat Dec 17 18:30:24 2016

OUTPUT FILE NAME:   <FIRMWARE.out>
ENTRY POINT SYMBOL: "_c_int00"  address: 20007f3d


MEMORY CONFIGURATION

         name            origin    length      used     unused   attr    fill
----------------------  --------  ---------  --------  --------  ----  --------
  SRAM_CODE             20004000   00012fff  000049a0  0000e65f  RW X
  SRAM_DATA             20017000   00019000  00008975  0001068b  RW X


SEGMENT ALLOCATION MAP

run origin  load origin   length   init length attrs members
----------  ----------- ---------- ----------- ----- -------
20004000    20004000    000049a4   000049a4    r-x
  20004000    20004000    00000400   00000400    r-- .intvecs
  20004400    20004400    00004194   00004194    r-x .text
  20008594    20008594    000003b0   000003b0    r-- .const
  20008948    20008948    0000005c   0000005c    r-- .cinit
20017000    20017000    00008178   00000000    rw-
  20017000    20017000    00008000   00000000    rw- .sysmem
  2001f000    2001f000    0000012d   00000000    rw- .bss
  2001f130    2001f130    00000048   00000000    rw- .data
2002f800    2002f800    00000800   00000000    rw-
  2002f800    2002f800    00000800   00000000    rw- .stack


SECTION ALLOCATION MAP

 output                                  attributes/
section   page    origin      length       input sections
--------  ----  ----------  ----------   ----------------
.intvecs   0    20004000    00000400     
                  20004000    00000400     startup_ccs.obj (.intvecs)

.init_array 
*          0    20004000    00000000     UNINITIALIZED

.text      0    20004400    00004194     
                  20004400    000010fc     rtsv7M4_T_le_eabi.lib : _printfi.obj (.text)
                  200054fc    00000590     main.obj (.text)
                  20005a8c    000003dc     rtsv7M4_T_le_eabi.lib : memory.obj (.text)
                  20005e68    00000294     PPD42NJ.obj (.text)
                  200060fc    00000254     gpio_if.obj (.text)
                  20006350    000001f4     rtsv7M4_T_le_eabi.lib : ull_div_t2.obj (.text)
                  20006544    000001b6                           : fd_add_t2.obj (.text)
                  200066fa    00000002     driverlib.a : interrupt.obj (.text:IntDefaultHandler)
                  200066fc    00000184     i2c_if.obj (.text)
                  20006880    00000178     driverlib.a : prcm.obj (.text:PRCMCC3200MCUInit)
                  200069f8    00000170     HDC1080.obj (.text)
                  20006b68    00000170     pinmux.obj (.text)
                  20006cd8    00000146     TLC59116.obj (.text)
                  20006e1e    00000136     rtsv7M4_T_le_eabi.lib : fd_div_t2.obj (.text)
                  20006f54    00000110     timer_if.obj (.text)
                  20007064    000000fc     rtsv7M4_T_le_eabi.lib : fd_mul_t2.obj (.text)
                  20007160    000000d0                           : s_scalbn.obj (.text)
                  20007230    000000aa     driverlib.a : uart_if.obj (.text:Report)
                  200072da    00000002     rtsv7M4_T_le_eabi.lib : mpu_init.obj (.text)
                  200072dc    000000a8     driverlib.a : interrupt.obj (.text:IntDisable)
                  20007384    000000a8                 : interrupt.obj (.text:IntEnable)
                  2000742c    0000009c     rtsv7M4_T_le_eabi.lib : memcpy_t2.obj (.text)
                  200074c8    00000094     driverlib.a : prcm.obj (.text:PRCMPeripheralClockGet)
                  2000755c    00000088                 : pin.obj (.text:PinConfigSet)
                  200075e4    00000088     rtsv7M4_T_le_eabi.lib : vsnprintf.obj (.text)
                  2000766c    00000086                           : fd_cmp_t2.obj (.text:__aeabi_cdcmple)
                  200076f2    00000086                           : fd_cmp_t2.obj (.text:__aeabi_cdrcmple)
                  20007778    00000084     driverlib.a : i2c.obj (.text:I2CMasterInitExpClk)
                  200077fc    00000082                 : gpio.obj (.text:GPIOIntTypeSet)
                  2000787e    0000007a     rtsv7M4_T_le_eabi.lib : memset_t2.obj (.text)
                  200078f8    00000076     driverlib.a : uart.obj (.text:UARTConfigSetExpClk)
                  2000796e    00000002     rtsv7M4_T_le_eabi.lib : startup.obj (.text)
                  20007970    00000074     DELAY.obj (.text)
                  200079e4    00000070     driverlib.a : timer.obj (.text:TimerIntRegister)
                  20007a54    00000070     rtsv7M4_T_le_eabi.lib : autoinit.obj (.text)
                  20007ac4    0000006a                           : copy_decompress_rle.obj (.text)
                  20007b2e    00000002     --HOLE-- [fill = 0]
                  20007b30    00000068     driverlib.a : timer.obj (.text:TimerIntUnregister)
                  20007b98    0000005c     rtsv7M4_T_le_eabi.lib : s_frexp.obj (.text)
                  20007bf4    00000058     driverlib.a : prcm.obj (.text:PRCMPeripheralReset)
                  20007c4c    00000056     rtsv7M4_T_le_eabi.lib : ltoa.obj (.text)
                  20007ca2    00000002     --HOLE-- [fill = 0]
                  20007ca4    00000054     driverlib.a : interrupt.obj (.text:IntPrioritySet)
                  20007cf8    00000054     rtsv7M4_T_le_eabi.lib : exit.obj (.text)
                  20007d4c    0000004c                           : atoi.obj (.text)
                  20007d98    0000004c                           : cpy_tbl.obj (.text)
                  20007de4    00000048     driverlib.a : gpio.obj (.text:GPIOGetIntNumber)
                  20007e2c    00000048     rtsv7M4_T_le_eabi.lib : fd_toi_t2.obj (.text)
                  20007e74    00000044     driverlib.a : timer.obj (.text:TimerConfigure)
                  20007eb8    00000044     rtsv7M4_T_le_eabi.lib : fd_tou_t2.obj (.text)
                  20007efc    00000040     driverlib.a : pin.obj (.text:PinModeSet)
                  20007f3c    00000040     rtsv7M4_T_le_eabi.lib : boot.obj (.text)
                  20007f7c    0000003c     driverlib.a : prcm.obj (.text:PRCMPeripheralClkEnable)
                  20007fb8    00000036                 : gpio.obj (.text:GPIODirModeSet)
                  20007fee    00000030                 : pin.obj (.text:PinTypeGPIO)
                  2000801e    00000002     --HOLE-- [fill = 0]
                  20008020    00000030                 : uart.obj (.text:UARTDisable)
                  20008050    0000002e     rtsv7M4_T_le_eabi.lib : i_tofd_t2.obj (.text)
                  2000807e    0000002c     driverlib.a : i2c.obj (.text:I2CMasterErr)
                  200080aa    00000002     --HOLE-- [fill = 0]
                  200080ac    0000002c                 : prcm.obj (.text:PRCMSysResetCauseGet)
                  200080d8    0000002a                 : timer.obj (.text:TimerLoadSet)
                  20008102    0000002a                 : timer.obj (.text:TimerPrescaleSet)
                  2000812c    00000028                 : uart_if.obj (.text:InitTerm)
                  20008154    00000028                 : uart_if.obj (.text:Message)
                  2000817c    00000028                 : prcm.obj (.text:PRCMPeripheralClkDisable)
                  200081a4    00000024                 : interrupt.obj (.text:IntUnregister)
                  200081c8    00000024                 : uart.obj (.text:UARTEnable)
                  200081ec    00000022                 : gpio.obj (.text:GPIOIntStatus)
                  2000820e    00000022                 : i2c.obj (.text:I2CMasterSlaveAddrSet)
                  20008230    00000020                 : gpio.obj (.text:GPIOPinWrite)
                  20008250    00000020                 : interrupt.obj (.text:IntRegister)
                  20008270    00000020     rtsv7M4_T_le_eabi.lib : u_tofd_t2.obj (.text)
                  20008290    0000001e     driverlib.a : gpio.obj (.text:GPIOIntRegister)
                  200082ae    0000001e                 : i2c.obj (.text:I2CMasterIntStatusEx)
                  200082cc    0000001e                 : timer.obj (.text:TimerDisable)
                  200082ea    0000001e                 : timer.obj (.text:TimerEnable)
                  20008308    0000001e                 : timer.obj (.text:TimerIntStatus)
                  20008326    0000001e                 : uart.obj (.text:UARTCharPut)
                  20008344    0000001c                 : pin.obj (.text:PinTypeI2C)
                  20008360    0000001c                 : timer.obj (.text:TimerValueGet)
                  2000837c    0000001c     rtsv7M4_T_le_eabi.lib : memccpy.obj (.text)
                  20008398    0000001a     driverlib.a : gpio.obj (.text:GPIOIntEnable)
                  200083b2    0000001a                 : pin.obj (.text:PinTypeUART)
                  200083cc    00000018                 : gpio.obj (.text:GPIOPinRead)
                  200083e4    00000018                 : timer.obj (.text:TimerIntDisable)
                  200083fc    00000018                 : timer.obj (.text:TimerIntEnable)
                  20008414    00000018     rtsv7M4_T_le_eabi.lib : args_main.obj (.text)
                  2000842c    00000016     driverlib.a : i2c.obj (.text:I2CMasterDataPut)
                  20008442    00000016                 : i2c.obj (.text:I2CMasterEnable)
                  20008458    00000016                 : prcm.obj (.text:PRCMHIBRegRead)
                  2000846e    00000016                 : prcm.obj (.text:PRCMHIBRegWrite)
                  20008484    00000016     rtsv7M4_T_le_eabi.lib : strchr.obj (.text)
                  2000849a    00000014     driverlib.a : cpu.obj (.text:CPUcpsie)
                  200084ae    00000014                 : gpio.obj (.text:GPIOIntClear)
                  200084c2    00000002     --HOLE-- [fill = 0]
                  200084c4    00000014                 : interrupt.obj (.text:IntVTableBaseSet)
                  200084d8    00000014     rtsv7M4_T_le_eabi.lib : _lock.obj (.text)
                  200084ec    00000014                           : strlen.obj (.text)
                  20008500    00000012     driverlib.a : i2c.obj (.text:I2CMasterControl)
                  20008512    00000012                 : i2c.obj (.text:I2CMasterIntClearEx)
                  20008524    00000012                 : i2c.obj (.text:I2CMasterTimeoutSet)
                  20008536    00000012                 : timer.obj (.text:TimerIntClear)
                  20008548    0000000e                 : i2c.obj (.text:I2CMasterDataGet)
                  20008556    0000000e     rtsv7M4_T_le_eabi.lib : copy_decompress_none.obj (.text:decompress:none)
                  20008564    0000000e     startup_ccs.obj (.text)
                  20008572    0000000a     driverlib.a : interrupt.obj (.text:IntMasterEnable)
                  2000857c    00000008     rtsv7M4_T_le_eabi.lib : s_copysign.obj (.text)
                  20008584    00000006     driverlib.a : utils.obj (.text:UtilsDelay)
                  2000858a    00000006     rtsv7M4_T_le_eabi.lib : copy_decompress_rle.obj (.text:decompress:rle24)
                  20008590    00000004                           : pre_init.obj (.text)

.const     0    20008594    000003b0     
                  20008594    00000101     rtsv7M4_T_le_eabi.lib : ctype.obj (.const:.string:_ctypes_)
                  20008695    00000003     --HOLE-- [fill = 0]
                  20008698    00000100     driverlib.a : pin.obj (.const:g_ulPinToPadMap)
                  20008798    000000d4                 : interrupt.obj (.const:g_pulRegs)
                  2000886c    000000a8                 : prcm.obj (.const:PRCM_PeriphRegsList)
                  20008914    00000018                 : interrupt.obj (.const:g_pulDisRegs)
                  2000892c    00000018                 : interrupt.obj (.const:g_pulEnRegs)

.cinit     0    20008948    0000005c     
                  20008948    00000037     (.cinit..data.load) [load image, compression = rle]
                  2000897f    00000001     --HOLE-- [fill = 0]
                  20008980    0000000b     (.cinit..bss.load) [load image, compression = rle]
                  2000898b    00000001     --HOLE-- [fill = 0]
                  2000898c    00000008     (__TI_handler_table)
                  20008994    00000010     (__TI_cinit_table)

.sysmem    0    20017000    00008000     UNINITIALIZED
                  20017000    00000008     rtsv7M4_T_le_eabi.lib : memory.obj (.sysmem)
                  20017008    00007ff8     --HOLE--

.bss       0    2001f000    0000012d     UNINITIALIZED
                  2001f000    000000f4     PPD42NJ.obj (.bss:tyLocalAirQualityMeasurements)
                  2001f0f4    0000001c     PPD42NJ.obj (.bss)
                  2001f110    00000015     main.obj (.bss)
                  2001f125    00000001     DELAY.obj (.bss)
                  2001f126    00000001     (.common:g_ucLED1Pin)
                  2001f127    00000001     (.common:g_ucLED2Pin)
                  2001f128    00000004     driverlib.a : uart_if.obj (.bss)
                  2001f12c    00000001     (.common:g_ucLED3Pin)

.data      0    2001f130    00000048     UNINITIALIZED
                  2001f130    00000014     gpio_if.obj (.data:ulReg)
                  2001f144    0000000c     rtsv7M4_T_le_eabi.lib : exit.obj (.data:$O1$$)
                  2001f150    0000000c                           : memory.obj (.data:$O1$$)
                  2001f15c    0000000c     gpio_if.obj (.data)
                  2001f168    00000008     rtsv7M4_T_le_eabi.lib : _lock.obj (.data:$O1$$)
                  2001f170    00000004                           : errno.obj (.data)
                  2001f174    00000004                           : stkdepth_vars.obj (.data)

.stack     0    2002f800    00000800     UNINITIALIZED
                  2002f800    00000800     --HOLE--

MODULE SUMMARY

       Module                     code    ro data   rw data
       ------                     ----    -------   -------
    .\
       main.obj                   1424    0         21     
       startup_ccs.obj            14      1024      0      
       PPD42NJ.obj                660     0         272    
       gpio_if.obj                596     0         35     
       i2c_if.obj                 388     0         0      
       HDC1080.obj                368     0         0      
       pinmux.obj                 368     0         0      
       TLC59116.obj               326     0         0      
       timer_if.obj               272     0         0      
       DELAY.obj                  116     0         1      
    +--+--------------------------+-------+---------+---------+
       Total:                     4532    1024      329    
                                                           
    C:/ti/CC3200SDK_1.2.0/cc3200-sdk/driverlib/ccs/Release/driverlib.a
       prcm.obj                   800     168       0      
       interrupt.obj              520     260       0      
       pin.obj                    302     256       0      
       timer.obj                  552     0         0      
       gpio.obj                   422     0         0      
       i2c.obj                    352     0         0      
       uart_if.obj                250     0         4      
       uart.obj                   232     0         0      
       cpu.obj                    20      0         0      
       utils.obj                  6       0         0      
    +--+--------------------------+-------+---------+---------+
       Total:                     3456    684       4      
                                                           
    C:\ti\ccsv6\tools\compiler\arm_15.12.3.LTS\lib\rtsv7M4_T_le_eabi.lib
       _printfi.obj               4348    0         0      
       memory.obj                 988     0         12     
       ull_div_t2.obj             500     0         0      
       fd_add_t2.obj              438     0         0      
       fd_div_t2.obj              310     0         0      
       fd_cmp_t2.obj              268     0         0      
       ctype.obj                  0       257       0      
       fd_mul_t2.obj              252     0         0      
       s_scalbn.obj               208     0         0      
       memcpy_t2.obj              156     0         0      
       vsnprintf.obj              136     0         0      
       memset_t2.obj              122     0         0      
       autoinit.obj               112     0         0      
       copy_decompress_rle.obj    112     0         0      
       exit.obj                   84      0         12     
       s_frexp.obj                92      0         0      
       ltoa.obj                   86      0         0      
       atoi.obj                   76      0         0      
       cpy_tbl.obj                76      0         0      
       fd_toi_t2.obj              72      0         0      
       fd_tou_t2.obj              68      0         0      
       boot.obj                   64      0         0      
       i_tofd_t2.obj              46      0         0      
       u_tofd_t2.obj              32      0         0      
       _lock.obj                  20      0         8      
       memccpy.obj                28      0         0      
       args_main.obj              24      0         0      
       strchr.obj                 22      0         0      
       strlen.obj                 20      0         0      
       copy_decompress_none.obj   14      0         0      
       s_copysign.obj             8       0         0      
       errno.obj                  0       0         4      
       pre_init.obj               4       0         0      
       stkdepth_vars.obj          0       0         4      
       mpu_init.obj               2       0         0      
       startup.obj                2       0         0      
    +--+--------------------------+-------+---------+---------+
       Total:                     8790    257       40     
                                                           
       Heap:                      0       0         32768  
       Stack:                     0       0         2048   
       Linker Generated:          0       90        0      
    +--+--------------------------+-------+---------+---------+
       Grand Total:               16778   2055      35189  


LINKER GENERATED COPY TABLES

__TI_cinit_table @ 20008994 records: 2, size/record: 8, table size: 16
	.data: load addr=20008948, load size=00000037 bytes, run addr=2001f130, run size=00000048 bytes, compression=rle
	.bss: load addr=20008980, load size=0000000b bytes, run addr=2001f000, run size=0000012d bytes, compression=rle


LINKER GENERATED HANDLER TABLE

__TI_handler_table @ 2000898c records: 2, size/record: 4, table size: 8
	index: 0, handler: __TI_decompress_rle24
	index: 1, handler: __TI_decompress_none


GLOBAL SYMBOLS: SORTED ALPHABETICALLY BY Name 

address   name                             
-------   ----                             
20007cf9  C$$EXIT                          
2000849b  CPUcpsie                         
20007fb9  GPIODirModeSet                   
200084af  GPIOIntClear                     
20008399  GPIOIntEnable                    
20008291  GPIOIntRegister                  
200081ed  GPIOIntStatus                    
200077fd  GPIOIntTypeSet                   
200083cd  GPIOPinRead                      
20008231  GPIOPinWrite                     
200062ff  GPIO_IF_ConfigureNIntEnable      
20006113  GPIO_IF_Get                      
20006291  GPIO_IF_GetPortNPin              
200062af  GPIO_IF_LedConfigure             
200061f1  GPIO_IF_LedOff                   
2000616d  GPIO_IF_LedOn                    
2000612b  GPIO_IF_LedStatus                
20006275  GPIO_IF_LedToggle                
200060fd  GPIO_IF_Set                      
20006b0d  HDC1080_HeaterControl            
20006ad9  HDC1080_Initialise               
20006a6d  HDC1080_ReadHumidity             
200069f9  HDC1080_ReadTemperature          
20008501  I2CMasterControl                 
20008549  I2CMasterDataGet                 
2000842d  I2CMasterDataPut                 
20008443  I2CMasterEnable                  
2000807f  I2CMasterErr                     
20007779  I2CMasterInitExpClk              
20008513  I2CMasterIntClearEx              
200082af  I2CMasterIntStatusEx             
2000820f  I2CMasterSlaveAddrSet            
20008525  I2CMasterTimeoutSet              
2000686b  I2C_IF_Close                     
20006845  I2C_IF_Open                      
200067c1  I2C_IF_Read                      
20006825  I2C_IF_ReadFrom                  
20006767  I2C_IF_Write                     
2000812d  InitTerm                         
200072dd  IntDisable                       
20007385  IntEnable                        
20008573  IntMasterEnable                  
20007ca5  IntPrioritySet                   
20008251  IntRegister                      
200081a5  IntUnregister                    
200084c5  IntVTableBaseSet                 
20008155  Message                          
20005715  PPD42NJNotificationCallback      
2000609f  PPD42NJ_GetAirQualityMeasurements
20006021  PPD42NJ_Initialise               
20006007  PPD42NJ_SetupNotifications       
20006881  PRCMCC3200MCUInit                
20008459  PRCMHIBRegRead                   
2000846f  PRCMHIBRegWrite                  
2000817d  PRCMPeripheralClkDisable         
20007f7d  PRCMPeripheralClkEnable          
200074c9  PRCMPeripheralClockGet           
20007bf5  PRCMPeripheralReset              
200080ad  PRCMSysResetCauseGet             
2000755d  PinConfigSet                     
20007efd  PinModeSet                       
20006b69  PinMuxConfig                     
20007fef  PinTypeGPIO                      
20008345  PinTypeI2C                       
200083b3  PinTypeUART                      
20007231  Report                           
20008565  ResetISR                         
UNDEFED   SHT$$INIT_ARRAY$$Base            
UNDEFED   SHT$$INIT_ARRAY$$Limit           
20007971  TIMER_Delay                      
20006de1  TLC59116_GlobalBlinkRate         
20006d2b  TLC59116_Initialise              
20006cff  TLC59116_LedBankBlinkControl     
20006cd9  TLC59116_LedColourIntensity      
20007e75  TimerConfigure                   
200082cd  TimerDisable                     
200082eb  TimerEnable                      
20008537  TimerIntClear                    
200083e5  TimerIntDisable                  
200083fd  TimerIntEnable                   
200079e5  TimerIntRegister                 
20008309  TimerIntStatus                   
20007b31  TimerIntUnregister               
200080d9  TimerLoadSet                     
20008103  TimerPrescaleSet                 
20008361  TimerValueGet                    
20007045  Timer_IF_DeInit                  
20007039  Timer_IF_GetCount                
2000700f  Timer_IF_Init                    
20006fd3  Timer_IF_IntSetup                
20006f75  Timer_IF_InterruptClear          
20006f6d  Timer_IF_ReLoad                  
20006f55  Timer_IF_Start                   
200082cd  Timer_IF_Stop                    
20008327  UARTCharPut                      
200078f9  UARTConfigSetExpClk              
20008021  UARTDisable                      
200081c9  UARTEnable                       
20008585  UtilsDelay                       
20030000  __STACK_END                      
00000800  __STACK_SIZE                     
00008000  __SYSMEM_SIZE                    
20008994  __TI_CINIT_Base                  
200089a4  __TI_CINIT_Limit                 
2000898c  __TI_Handler_Table_Base          
20008994  __TI_Handler_Table_Limit         
20007a55  __TI_auto_init                   
2001f144  __TI_cleanup_ptr                 
20008557  __TI_decompress_none             
2000858b  __TI_decompress_rle24            
2001f148  __TI_dtors_ptr                   
2001f14c  __TI_enable_exit_profile_output  
ffffffff  __TI_pprof_out_hndl              
200051f7  __TI_printfi                     
ffffffff  __TI_prof_data_size              
ffffffff  __TI_prof_data_start             
20008948  __TI_static_base__               
2000766d  __aeabi_cdcmpeq                  
2000766d  __aeabi_cdcmple                  
200076f3  __aeabi_cdrcmple                 
20007e2d  __aeabi_d2iz                     
20007eb9  __aeabi_d2uiz                    
2000654f  __aeabi_dadd                     
20006e1f  __aeabi_ddiv                     
20007065  __aeabi_dmul                     
20006545  __aeabi_dsub                     
20008051  __aeabi_i2d                      
2000787f  __aeabi_memclr                   
2000787f  __aeabi_memclr4                  
2000787f  __aeabi_memclr8                  
2000742d  __aeabi_memcpy                   
2000742d  __aeabi_memcpy4                  
2000742d  __aeabi_memcpy8                  
20007881  __aeabi_memset                   
20007881  __aeabi_memset4                  
20007881  __aeabi_memset8                  
20008271  __aeabi_ui2d                     
20006351  __aeabi_uldivmod                 
ffffffff  __binit__                        
ffffffff  __c_args__                       
200072db  __mpu_init                       
2002f800  __stack                          
20008415  _args_main                       
20007f3d  _c_int00                         
20008594  _ctypes_                         
2001f168  _lock                            
200084e7  _nop                             
200084df  _register_lock                   
200084d9  _register_unlock                 
20017000  _sys_memory                      
2000796f  _system_post_cinit               
20008591  _system_pre_init                 
2001f16c  _unlock                          
20007cfd  abort                            
20007d4d  atoi                             
ffffffff  binit                            
20005e35  calloc                           
20007d99  copy_in                          
2000857d  copysign                         
2000857d  copysignl                        
2001f170  errno                            
20007d05  exit                             
20005b83  free                             
20007b99  frexp                            
20007b99  frexpl                           
20004000  g_pfnVectors                     
2001f126  g_ucLED1Pin                      
2001f127  g_ucLED2Pin                      
2001f12c  g_ucLED3Pin                      
2001f15c  g_uiLED1Port                     
2001f160  g_uiLED2Port                     
2001f164  g_uiLED3Port                     
20007161  ldexp                            
20007161  ldexpl                           
20007c4d  ltoa                             
20005519  main                             
2001f174  main_func_sp                     
20005b1b  malloc                           
20005d51  memalign                         
2000837d  memccpy                          
2000742d  memcpy                           
20007887  memset                           
20005a8d  minit                            
20005c45  realloc                          
20007161  scalbn                           
20007161  scalbnl                          
20008485  strchr                           
200084ed  strlen                           
200075e5  vsnprintf                        


GLOBAL SYMBOLS: SORTED BY Symbol Address 

address   name                             
-------   ----                             
00000800  __STACK_SIZE                     
00008000  __SYSMEM_SIZE                    
20004000  g_pfnVectors                     
200051f7  __TI_printfi                     
20005519  main                             
20005715  PPD42NJNotificationCallback      
20005a8d  minit                            
20005b1b  malloc                           
20005b83  free                             
20005c45  realloc                          
20005d51  memalign                         
20005e35  calloc                           
20006007  PPD42NJ_SetupNotifications       
20006021  PPD42NJ_Initialise               
2000609f  PPD42NJ_GetAirQualityMeasurements
200060fd  GPIO_IF_Set                      
20006113  GPIO_IF_Get                      
2000612b  GPIO_IF_LedStatus                
2000616d  GPIO_IF_LedOn                    
200061f1  GPIO_IF_LedOff                   
20006275  GPIO_IF_LedToggle                
20006291  GPIO_IF_GetPortNPin              
200062af  GPIO_IF_LedConfigure             
200062ff  GPIO_IF_ConfigureNIntEnable      
20006351  __aeabi_uldivmod                 
20006545  __aeabi_dsub                     
2000654f  __aeabi_dadd                     
20006767  I2C_IF_Write                     
200067c1  I2C_IF_Read                      
20006825  I2C_IF_ReadFrom                  
20006845  I2C_IF_Open                      
2000686b  I2C_IF_Close                     
20006881  PRCMCC3200MCUInit                
200069f9  HDC1080_ReadTemperature          
20006a6d  HDC1080_ReadHumidity             
20006ad9  HDC1080_Initialise               
20006b0d  HDC1080_HeaterControl            
20006b69  PinMuxConfig                     
20006cd9  TLC59116_LedColourIntensity      
20006cff  TLC59116_LedBankBlinkControl     
20006d2b  TLC59116_Initialise              
20006de1  TLC59116_GlobalBlinkRate         
20006e1f  __aeabi_ddiv                     
20006f55  Timer_IF_Start                   
20006f6d  Timer_IF_ReLoad                  
20006f75  Timer_IF_InterruptClear          
20006fd3  Timer_IF_IntSetup                
2000700f  Timer_IF_Init                    
20007039  Timer_IF_GetCount                
20007045  Timer_IF_DeInit                  
20007065  __aeabi_dmul                     
20007161  ldexp                            
20007161  ldexpl                           
20007161  scalbn                           
20007161  scalbnl                          
20007231  Report                           
200072db  __mpu_init                       
200072dd  IntDisable                       
20007385  IntEnable                        
2000742d  __aeabi_memcpy                   
2000742d  __aeabi_memcpy4                  
2000742d  __aeabi_memcpy8                  
2000742d  memcpy                           
200074c9  PRCMPeripheralClockGet           
2000755d  PinConfigSet                     
200075e5  vsnprintf                        
2000766d  __aeabi_cdcmpeq                  
2000766d  __aeabi_cdcmple                  
200076f3  __aeabi_cdrcmple                 
20007779  I2CMasterInitExpClk              
200077fd  GPIOIntTypeSet                   
2000787f  __aeabi_memclr                   
2000787f  __aeabi_memclr4                  
2000787f  __aeabi_memclr8                  
20007881  __aeabi_memset                   
20007881  __aeabi_memset4                  
20007881  __aeabi_memset8                  
20007887  memset                           
200078f9  UARTConfigSetExpClk              
2000796f  _system_post_cinit               
20007971  TIMER_Delay                      
200079e5  TimerIntRegister                 
20007a55  __TI_auto_init                   
20007b31  TimerIntUnregister               
20007b99  frexp                            
20007b99  frexpl                           
20007bf5  PRCMPeripheralReset              
20007c4d  ltoa                             
20007ca5  IntPrioritySet                   
20007cf9  C$$EXIT                          
20007cfd  abort                            
20007d05  exit                             
20007d4d  atoi                             
20007d99  copy_in                          
20007e2d  __aeabi_d2iz                     
20007e75  TimerConfigure                   
20007eb9  __aeabi_d2uiz                    
20007efd  PinModeSet                       
20007f3d  _c_int00                         
20007f7d  PRCMPeripheralClkEnable          
20007fb9  GPIODirModeSet                   
20007fef  PinTypeGPIO                      
20008021  UARTDisable                      
20008051  __aeabi_i2d                      
2000807f  I2CMasterErr                     
200080ad  PRCMSysResetCauseGet             
200080d9  TimerLoadSet                     
20008103  TimerPrescaleSet                 
2000812d  InitTerm                         
20008155  Message                          
2000817d  PRCMPeripheralClkDisable         
200081a5  IntUnregister                    
200081c9  UARTEnable                       
200081ed  GPIOIntStatus                    
2000820f  I2CMasterSlaveAddrSet            
20008231  GPIOPinWrite                     
20008251  IntRegister                      
20008271  __aeabi_ui2d                     
20008291  GPIOIntRegister                  
200082af  I2CMasterIntStatusEx             
200082cd  TimerDisable                     
200082cd  Timer_IF_Stop                    
200082eb  TimerEnable                      
20008309  TimerIntStatus                   
20008327  UARTCharPut                      
20008345  PinTypeI2C                       
20008361  TimerValueGet                    
2000837d  memccpy                          
20008399  GPIOIntEnable                    
200083b3  PinTypeUART                      
200083cd  GPIOPinRead                      
200083e5  TimerIntDisable                  
200083fd  TimerIntEnable                   
20008415  _args_main                       
2000842d  I2CMasterDataPut                 
20008443  I2CMasterEnable                  
20008459  PRCMHIBRegRead                   
2000846f  PRCMHIBRegWrite                  
20008485  strchr                           
2000849b  CPUcpsie                         
200084af  GPIOIntClear                     
200084c5  IntVTableBaseSet                 
200084d9  _register_unlock                 
200084df  _register_lock                   
200084e7  _nop                             
200084ed  strlen                           
20008501  I2CMasterControl                 
20008513  I2CMasterIntClearEx              
20008525  I2CMasterTimeoutSet              
20008537  TimerIntClear                    
20008549  I2CMasterDataGet                 
20008557  __TI_decompress_none             
20008565  ResetISR                         
20008573  IntMasterEnable                  
2000857d  copysign                         
2000857d  copysignl                        
20008585  UtilsDelay                       
2000858b  __TI_decompress_rle24            
20008591  _system_pre_init                 
20008594  _ctypes_                         
20008948  __TI_static_base__               
2000898c  __TI_Handler_Table_Base          
20008994  __TI_CINIT_Base                  
20008994  __TI_Handler_Table_Limit         
200089a4  __TI_CINIT_Limit                 
20017000  _sys_memory                      
2001f126  g_ucLED1Pin                      
2001f127  g_ucLED2Pin                      
2001f12c  g_ucLED3Pin                      
2001f144  __TI_cleanup_ptr                 
2001f148  __TI_dtors_ptr                   
2001f14c  __TI_enable_exit_profile_output  
2001f15c  g_uiLED1Port                     
2001f160  g_uiLED2Port                     
2001f164  g_uiLED3Port                     
2001f168  _lock                            
2001f16c  _unlock                          
2001f170  errno                            
2001f174  main_func_sp                     
2002f800  __stack                          
20030000  __STACK_END                      
ffffffff  __TI_pprof_out_hndl              
ffffffff  __TI_prof_data_size              
ffffffff  __TI_prof_data_start             
ffffffff  __binit__                        
ffffffff  __c_args__                       
ffffffff  binit                            
UNDEFED   SHT$$INIT_ARRAY$$Base            
UNDEFED   SHT$$INIT_ARRAY$$Limit           

[189 symbols]
